Archive member included to satisfy reference by file (symbol)

/Applications/STM32CubeIDE.app/Contents/Eclipse/plugins/com.st.stm32cube.ide.mcu.externaltools.gnu-tools-for-stm32.11.3.rel1.macos64_1.1.0.202305231506/tools/bin/../lib/gcc/arm-none-eabi/11.3.1/../../../../arm-none-eabi/lib/thumb/v7e-m+fp/hard/libc_nano.a(libc_a-exit.o)
                              /Applications/STM32CubeIDE.app/Contents/Eclipse/plugins/com.st.stm32cube.ide.mcu.externaltools.gnu-tools-for-stm32.11.3.rel1.macos64_1.1.0.202305231506/tools/bin/../lib/gcc/arm-none-eabi/11.3.1/../../../../arm-none-eabi/lib/thumb/v7e-m+fp/hard/crt0.o (exit)
/Applications/STM32CubeIDE.app/Contents/Eclipse/plugins/com.st.stm32cube.ide.mcu.externaltools.gnu-tools-for-stm32.11.3.rel1.macos64_1.1.0.202305231506/tools/bin/../lib/gcc/arm-none-eabi/11.3.1/../../../../arm-none-eabi/lib/thumb/v7e-m+fp/hard/libc_nano.a(libc_a-itoa.o)
                              ./src/utils/itm_debug.o (itoa)
/Applications/STM32CubeIDE.app/Contents/Eclipse/plugins/com.st.stm32cube.ide.mcu.externaltools.gnu-tools-for-stm32.11.3.rel1.macos64_1.1.0.202305231506/tools/bin/../lib/gcc/arm-none-eabi/11.3.1/../../../../arm-none-eabi/lib/thumb/v7e-m+fp/hard/libc_nano.a(libc_a-findfp.o)
                              /Applications/STM32CubeIDE.app/Contents/Eclipse/plugins/com.st.stm32cube.ide.mcu.externaltools.gnu-tools-for-stm32.11.3.rel1.macos64_1.1.0.202305231506/tools/bin/../lib/gcc/arm-none-eabi/11.3.1/../../../../arm-none-eabi/lib/thumb/v7e-m+fp/hard/libc_nano.a(libc_a-exit.o) (__stdio_exit_handler)
/Applications/STM32CubeIDE.app/Contents/Eclipse/plugins/com.st.stm32cube.ide.mcu.externaltools.gnu-tools-for-stm32.11.3.rel1.macos64_1.1.0.202305231506/tools/bin/../lib/gcc/arm-none-eabi/11.3.1/../../../../arm-none-eabi/lib/thumb/v7e-m+fp/hard/libc_nano.a(libc_a-utoa.o)
                              /Applications/STM32CubeIDE.app/Contents/Eclipse/plugins/com.st.stm32cube.ide.mcu.externaltools.gnu-tools-for-stm32.11.3.rel1.macos64_1.1.0.202305231506/tools/bin/../lib/gcc/arm-none-eabi/11.3.1/../../../../arm-none-eabi/lib/thumb/v7e-m+fp/hard/libc_nano.a(libc_a-itoa.o) (__utoa)
/Applications/STM32CubeIDE.app/Contents/Eclipse/plugins/com.st.stm32cube.ide.mcu.externaltools.gnu-tools-for-stm32.11.3.rel1.macos64_1.1.0.202305231506/tools/bin/../lib/gcc/arm-none-eabi/11.3.1/../../../../arm-none-eabi/lib/thumb/v7e-m+fp/hard/libc_nano.a(libc_a-fwalk.o)
                              /Applications/STM32CubeIDE.app/Contents/Eclipse/plugins/com.st.stm32cube.ide.mcu.externaltools.gnu-tools-for-stm32.11.3.rel1.macos64_1.1.0.202305231506/tools/bin/../lib/gcc/arm-none-eabi/11.3.1/../../../../arm-none-eabi/lib/thumb/v7e-m+fp/hard/libc_nano.a(libc_a-findfp.o) (_fwalk_sglue)
/Applications/STM32CubeIDE.app/Contents/Eclipse/plugins/com.st.stm32cube.ide.mcu.externaltools.gnu-tools-for-stm32.11.3.rel1.macos64_1.1.0.202305231506/tools/bin/../lib/gcc/arm-none-eabi/11.3.1/../../../../arm-none-eabi/lib/thumb/v7e-m+fp/hard/libc_nano.a(libc_a-memset.o)
                              /Applications/STM32CubeIDE.app/Contents/Eclipse/plugins/com.st.stm32cube.ide.mcu.externaltools.gnu-tools-for-stm32.11.3.rel1.macos64_1.1.0.202305231506/tools/bin/../lib/gcc/arm-none-eabi/11.3.1/../../../../arm-none-eabi/lib/thumb/v7e-m+fp/hard/crt0.o (memset)
/Applications/STM32CubeIDE.app/Contents/Eclipse/plugins/com.st.stm32cube.ide.mcu.externaltools.gnu-tools-for-stm32.11.3.rel1.macos64_1.1.0.202305231506/tools/bin/../lib/gcc/arm-none-eabi/11.3.1/../../../../arm-none-eabi/lib/thumb/v7e-m+fp/hard/libc_nano.a(libc_a-impure.o)
                              /Applications/STM32CubeIDE.app/Contents/Eclipse/plugins/com.st.stm32cube.ide.mcu.externaltools.gnu-tools-for-stm32.11.3.rel1.macos64_1.1.0.202305231506/tools/bin/../lib/gcc/arm-none-eabi/11.3.1/../../../../arm-none-eabi/lib/thumb/v7e-m+fp/hard/libc_nano.a(libc_a-findfp.o) (_impure_data)
/Applications/STM32CubeIDE.app/Contents/Eclipse/plugins/com.st.stm32cube.ide.mcu.externaltools.gnu-tools-for-stm32.11.3.rel1.macos64_1.1.0.202305231506/tools/bin/../lib/gcc/arm-none-eabi/11.3.1/../../../../arm-none-eabi/lib/thumb/v7e-m+fp/hard/libc_nano.a(libc_a-errno.o)
                              ./Core/Src/syscalls.o (__errno)
/Applications/STM32CubeIDE.app/Contents/Eclipse/plugins/com.st.stm32cube.ide.mcu.externaltools.gnu-tools-for-stm32.11.3.rel1.macos64_1.1.0.202305231506/tools/bin/../lib/gcc/arm-none-eabi/11.3.1/../../../../arm-none-eabi/lib/thumb/v7e-m+fp/hard/libc_nano.a(libc_a-init.o)
                              /Applications/STM32CubeIDE.app/Contents/Eclipse/plugins/com.st.stm32cube.ide.mcu.externaltools.gnu-tools-for-stm32.11.3.rel1.macos64_1.1.0.202305231506/tools/bin/../lib/gcc/arm-none-eabi/11.3.1/../../../../arm-none-eabi/lib/thumb/v7e-m+fp/hard/crt0.o (__libc_init_array)
[...]
Memory Configuration

Name             Origin             Length             Attributes
RAM              0x0000000020000000 0x000000000001c000 xrw
FLASH            0x0000000008000000 0x0000000000080000 xr
*default*        0x0000000000000000 0xffffffffffffffff

Linker script and memory map

LOAD /Applications/STM32CubeIDE.app/Contents/Eclipse/plugins/com.st.stm32cube.ide.mcu.externaltools.gnu-tools-for-stm32.11.3.rel1.macos64_1.1.0.202305231506/tools/bin/../lib/gcc/arm-none-eabi/11.3.1/thumb/v7e-m+fp/hard/crti.o
LOAD /Applications/STM32CubeIDE.app/Contents/Eclipse/plugins/com.st.stm32cube.ide.mcu.externaltools.gnu-tools-for-stm32.11.3.rel1.macos64_1.1.0.202305231506/tools/bin/../lib/gcc/arm-none-eabi/11.3.1/thumb/v7e-m+fp/hard/crtbegin.o
LOAD /Applications/STM32CubeIDE.app/Contents/Eclipse/plugins/com.st.stm32cube.ide.mcu.externaltools.gnu-tools-for-stm32.11.3.rel1.macos64_1.1.0.202305231506/tools/bin/../lib/gcc/arm-none-eabi/11.3.1/../../../../arm-none-eabi/lib/thumb/v7e-m+fp/hard/crt0.o
LOAD ./Core/Src/app_freertos.o
LOAD ./Core/Src/main.o
LOAD ./Core/Src/stm32g4xx_hal_msp.o
LOAD ./Core/Src/stm32g4xx_hal_timebase_tim.o
LOAD ./Core/Src/stm32g4xx_it.o
LOAD ./Core/Src/syscalls.o
LOAD ./Core/Src/sysmem.o
LOAD ./Core/Src/system_stm32g4xx.o
LOAD ./Core/Startup/startup_stm32g491retx.o
LOAD ./Drivers/STM32G4xx_HAL_Driver/Src/stm32g4xx_hal.o
LOAD ./Drivers/STM32G4xx_HAL_Driver/Src/stm32g4xx_hal_cortex.o
LOAD ./Drivers/STM32G4xx_HAL_Driver/Src/stm32g4xx_hal_dma.o
LOAD ./Drivers/STM32G4xx_HAL_Driver/Src/stm32g4xx_hal_dma_ex.o
LOAD ./Drivers/STM32G4xx_HAL_Driver/Src/stm32g4xx_hal_exti.o
LOAD ./Drivers/STM32G4xx_HAL_Driver/Src/stm32g4xx_hal_flash.o
LOAD ./Drivers/STM32G4xx_HAL_Driver/Src/stm32g4xx_hal_flash_ex.o
LOAD ./Drivers/STM32G4xx_HAL_Driver/Src/stm32g4xx_hal_flash_ramfunc.o
LOAD ./Drivers/STM32G4xx_HAL_Driver/Src/stm32g4xx_hal_gpio.o
LOAD ./Drivers/STM32G4xx_HAL_Driver/Src/stm32g4xx_hal_pwr.o
LOAD ./Drivers/STM32G4xx_HAL_Driver/Src/stm32g4xx_hal_pwr_ex.o
LOAD ./Drivers/STM32G4xx_HAL_Driver/Src/stm32g4xx_hal_rcc.o
LOAD ./Drivers/STM32G4xx_HAL_Driver/Src/stm32g4xx_hal_rcc_ex.o
LOAD ./Drivers/STM32G4xx_HAL_Driver/Src/stm32g4xx_hal_tim.o
LOAD ./Drivers/STM32G4xx_HAL_Driver/Src/stm32g4xx_hal_tim_ex.o
LOAD ./Drivers/STM32G4xx_HAL_Driver/Src/stm32g4xx_hal_uart.o
LOAD ./Drivers/STM32G4xx_HAL_Driver/Src/stm32g4xx_hal_uart_ex.o
LOAD ./Middlewares/Third_Party/FreeRTOS/Source/CMSIS_RTOS/cmsis_os.o
LOAD ./Middlewares/Third_Party/FreeRTOS/Source/croutine.o
LOAD ./Middlewares/Third_Party/FreeRTOS/Source/event_groups.o
LOAD ./Middlewares/Third_Party/FreeRTOS/Source/list.o
LOAD ./Middlewares/Third_Party/FreeRTOS/Source/queue.o
LOAD ./Middlewares/Third_Party/FreeRTOS/Source/stream_buffer.o
LOAD ./Middlewares/Third_Party/FreeRTOS/Source/tasks.o
LOAD ./Middlewares/Third_Party/FreeRTOS/Source/timers.o
LOAD ./Middlewares/Third_Party/FreeRTOS/Source/portable/GCC/ARM_CM4F/port.o
LOAD ./src/app/minitels.o
LOAD ./src/app/miniteltask.o
LOAD ./src/serial/serial.o
LOAD ./src/utils/itm_debug.o
LOAD ./src/utils/lf_mqueue.o
LOAD ./src/utils/misc.o
START GROUP
LOAD /Applications/STM32CubeIDE.app/Contents/Eclipse/plugins/com.st.stm32cube.ide.mcu.externaltools.gnu-tools-for-stm32.11.3.rel1.macos64_1.1.0.202305231506/tools/bin/../lib/gcc/arm-none-eabi/11.3.1/../../../../arm-none-eabi/lib/thumb/v7e-m+fp/hard/libc_nano.a
LOAD /Applications/STM32CubeIDE.app/Contents/Eclipse/plugins/com.st.stm32cube.ide.mcu.externaltools.gnu-tools-for-stm32.11.3.rel1.macos64_1.1.0.202305231506/tools/bin/../lib/gcc/arm-none-eabi/11.3.1/../../../../arm-none-eabi/lib/thumb/v7e-m+fp/hard/libm.a
END GROUP
START GROUP
LOAD /Applications/STM32CubeIDE.app/Contents/Eclipse/plugins/com.st.stm32cube.ide.mcu.externaltools.gnu-tools-for-stm32.11.3.rel1.macos64_1.1.0.202305231506/tools/bin/../lib/gcc/arm-none-eabi/11.3.1/thumb/v7e-m+fp/hard/libgcc.a
LOAD /Applications/STM32CubeIDE.app/Contents/Eclipse/plugins/com.st.stm32cube.ide.mcu.externaltools.gnu-tools-for-stm32.11.3.rel1.macos64_1.1.0.202305231506/tools/bin/../lib/gcc/arm-none-eabi/11.3.1/../../../../arm-none-eabi/lib/thumb/v7e-m+fp/hard/libc_nano.a
END GROUP
START GROUP
LOAD /Applications/STM32CubeIDE.app/Contents/Eclipse/plugins/com.st.stm32cube.ide.mcu.externaltools.gnu-tools-for-stm32.11.3.rel1.macos64_1.1.0.202305231506/tools/bin/../lib/gcc/arm-none-eabi/11.3.1/thumb/v7e-m+fp/hard/libgcc.a
LOAD /Applications/STM32CubeIDE.app/Contents/Eclipse/plugins/com.st.stm32cube.ide.mcu.externaltools.gnu-tools-for-stm32.11.3.rel1.macos64_1.1.0.202305231506/tools/bin/../lib/gcc/arm-none-eabi/11.3.1/../../../../arm-none-eabi/lib/thumb/v7e-m+fp/hard/libc_nano.a
LOAD /Applications/STM32CubeIDE.app/Contents/Eclipse/plugins/com.st.stm32cube.ide.mcu.externaltools.gnu-tools-for-stm32.11.3.rel1.macos64_1.1.0.202305231506/tools/bin/../lib/gcc/arm-none-eabi/11.3.1/../../../../arm-none-eabi/lib/thumb/v7e-m+fp/hard/libnosys.a
END GROUP
START GROUP
LOAD /Applications/STM32CubeIDE.app/Contents/Eclipse/plugins/com.st.stm32cube.ide.mcu.externaltools.gnu-tools-for-stm32.11.3.rel1.macos64_1.1.0.202305231506/tools/bin/../lib/gcc/arm-none-eabi/11.3.1/thumb/v7e-m+fp/hard/libgcc.a
LOAD /Applications/STM32CubeIDE.app/Contents/Eclipse/plugins/com.st.stm32cube.ide.mcu.externaltools.gnu-tools-for-stm32.11.3.rel1.macos64_1.1.0.202305231506/tools/bin/../lib/gcc/arm-none-eabi/11.3.1/../../../../arm-none-eabi/lib/thumb/v7e-m+fp/hard/libc_nano.a
LOAD /Applications/STM32CubeIDE.app/Contents/Eclipse/plugins/com.st.stm32cube.ide.mcu.externaltools.gnu-tools-for-stm32.11.3.rel1.macos64_1.1.0.202305231506/tools/bin/../lib/gcc/arm-none-eabi/11.3.1/../../../../arm-none-eabi/lib/thumb/v7e-m+fp/hard/libnosys.a
END GROUP
LOAD /Applications/STM32CubeIDE.app/Contents/Eclipse/plugins/com.st.stm32cube.ide.mcu.externaltools.gnu-tools-for-stm32.11.3.rel1.macos64_1.1.0.202305231506/tools/bin/../lib/gcc/arm-none-eabi/11.3.1/thumb/v7e-m+fp/hard/crtend.o
LOAD /Applications/STM32CubeIDE.app/Contents/Eclipse/plugins/com.st.stm32cube.ide.mcu.externaltools.gnu-tools-for-stm32.11.3.rel1.macos64_1.1.0.202305231506/tools/bin/../lib/gcc/arm-none-eabi/11.3.1/thumb/v7e-m+fp/hard/crtn.o
                0x000000002001c000                _estack = (ORIGIN (RAM) + LENGTH (RAM))
                0x0000000000000200                _Min_Heap_Size = 0x200
                0x0000000000000400                _Min_Stack_Size = 0x400

.isr_vector     0x0000000008000000      0x1d8
                0x0000000008000000                . = ALIGN (0x4)
 *(.isr_vector)
 .isr_vector    0x0000000008000000      0x1d8 ./Core/Startup/startup_stm32g491retx.o
                0x0000000008000000                g_pfnVectors
                0x00000000080001d8                . = ALIGN (0x4)

.text           0x00000000080001e0     0x6640
                0x00000000080001e0                . = ALIGN (0x4)
 *(.text)
 .text          0x00000000080001e0       0x40 /Applications/STM32CubeIDE.app/Contents/Eclipse/plugins/com.st.stm32cube.ide.mcu.externaltools.gnu-tools-for-stm32.11.3.rel1.macos64_1.1.0.202305231506/tools/bin/../lib/gcc/arm-none-eabi/11.3.1/thumb/v7e-m+fp/hard/crtbegin.o
 .text          0x0000000008000220       0x10 /Applications/STM32CubeIDE.app/Contents/Eclipse/plugins/com.st.stm32cube.ide.mcu.externaltools.gnu-tools-for-stm32.11.3.rel1.macos64_1.1.0.202305231506/tools/bin/../lib/gcc/arm-none-eabi/11.3.1/../../../../arm-none-eabi/lib/thumb/v7e-m+fp/hard/libc_nano.a(libc_a-strlen.o)
                0x0000000008000220                strlen
 .text          0x0000000008000230       0x30 /Applications/STM32CubeIDE.app/Contents/Eclipse/plugins/com.st.stm32cube.ide.mcu.externaltools.gnu-tools-for-stm32.11.3.rel1.macos64_1.1.0.202305231506/tools/bin/../lib/gcc/arm-none-eabi/11.3.1/thumb/v7e-m+fp/hard/libgcc.a(_aeabi_uldivmod.o)
                0x0000000008000230                __aeabi_uldivmod
 .text          0x0000000008000260      0x2c8 /Applications/STM32CubeIDE.app/Contents/Eclipse/plugins/com.st.stm32cube.ide.mcu.externaltools.gnu-tools-for-stm32.11.3.rel1.macos64_1.1.0.202305231506/tools/bin/../lib/gcc/arm-none-eabi/11.3.1/thumb/v7e-m+fp/hard/libgcc.a(_udivmoddi4.o)
                0x0000000008000260                __udivmoddi4
 .text          0x0000000008000528        0x4 /Applications/STM32CubeIDE.app/Contents/Eclipse/plugins/com.st.stm32cube.ide.mcu.externaltools.gnu-tools-for-stm32.11.3.rel1.macos64_1.1.0.202305231506/tools/bin/../lib/gcc/arm-none-eabi/11.3.1/thumb/v7e-m+fp/hard/libgcc.a(_dvmd_tls.o)
                0x0000000008000528                __aeabi_ldiv0
                0x0000000008000528                __aeabi_idiv0
 *(.text*)
 .text.vApplicationGetIdleTaskMemory
                0x000000000800052c       0x34 ./Core/Src/app_freertos.o
                0x000000000800052c                vApplicationGetIdleTaskMemory
 .text.main     0x0000000008000560       0x5c ./Core/Src/main.o
                0x0000000008000560                main
 .text.SystemClock_Config
                0x00000000080005bc       0x98 ./Core/Src/main.o
                0x00000000080005bc                SystemClock_Config
 .text.MX_LPUART1_UART_Init
                0x0000000008000654       0x94 ./Core/Src/main.o
 .text.MX_UART4_Init
                0x00000000080006e8       0x9c ./Core/Src/main.o
 .text.MX_UART5_Init
                0x0000000008000784       0x9c ./Core/Src/main.o
 .text.MX_USART1_UART_Init
                0x0000000008000820       0x9c ./Core/Src/main.o
 .text.MX_USART3_UART_Init
                0x00000000080008bc       0x9c ./Core/Src/main.o
 .text.MX_DMA_Init
                0x0000000008000958       0x84 ./Core/Src/main.o
 .text.MX_GPIO_Init
                0x00000000080009dc       0xf4 ./Core/Src/main.o
 .text.HAL_TIM_PeriodElapsedCallback
                0x0000000008000ad0       0x24 ./Core/Src/main.o
                0x0000000008000ad0                HAL_TIM_PeriodElapsedCallback
 .text.Error_Handler
                0x0000000008000af4        0xa ./Core/Src/main.o
                0x0000000008000af4                Error_Handler
 *fill*         0x0000000008000afe        0x2 
 .text.HAL_MspInit
                0x0000000008000b00       0x54 ./Core/Src/stm32g4xx_hal_msp.o
                0x0000000008000b00                HAL_MspInit
 .text.HAL_UART_MspInit
                0x0000000008000b54      0x4e8 ./Core/Src/stm32g4xx_hal_msp.o
                0x0000000008000b54                HAL_UART_MspInit
 .text.HAL_InitTick
                0x000000000800103c       0xd8 ./Core/Src/stm32g4xx_hal_timebase_tim.o
                0x000000000800103c                HAL_InitTick
 .text.NMI_Handler
                0x0000000008001114        0x6 ./Core/Src/stm32g4xx_it.o
                0x0000000008001114                NMI_Handler
 .text.HardFault_Handler
                0x000000000800111a        0x6 ./Core/Src/stm32g4xx_it.o
                0x000000000800111a                HardFault_Handler
 .text.MemManage_Handler
                0x0000000008001120        0x6 ./Core/Src/stm32g4xx_it.o
                0x0000000008001120                MemManage_Handler
 .text.BusFault_Handler
                0x0000000008001126        0x6 ./Core/Src/stm32g4xx_it.o
                0x0000000008001126                BusFault_Handler
 .text.UsageFault_Handler
                0x000000000800112c        0x6 ./Core/Src/stm32g4xx_it.o
                0x000000000800112c                UsageFault_Handler
 .text.DebugMon_Handler
                0x0000000008001132        0xe ./Core/Src/stm32g4xx_it.o
                0x0000000008001132                DebugMon_Handler
 .text.DMA1_Channel1_IRQHandler
                0x0000000008001140       0x14 ./Core/Src/stm32g4xx_it.o
                0x0000000008001140                DMA1_Channel1_IRQHandler
 .text.DMA1_Channel2_IRQHandler
                0x0000000008001154       0x14 ./Core/Src/stm32g4xx_it.o
                0x0000000008001154                DMA1_Channel2_IRQHandler
 .text.DMA1_Channel3_IRQHandler
                0x0000000008001168       0x14 ./Core/Src/stm32g4xx_it.o
                0x0000000008001168                DMA1_Channel3_IRQHandler
 .text.DMA1_Channel4_IRQHandler
                0x000000000800117c       0x14 ./Core/Src/stm32g4xx_it.o
                0x000000000800117c                DMA1_Channel4_IRQHandler
 .text.USART1_IRQHandler
                0x0000000008001190       0x14 ./Core/Src/stm32g4xx_it.o
                0x0000000008001190                USART1_IRQHandler
 .text.USART3_IRQHandler
                0x00000000080011a4       0x14 ./Core/Src/stm32g4xx_it.o
                0x00000000080011a4                USART3_IRQHandler
 .text.EXTI15_10_IRQHandler
                0x00000000080011b8       0x10 ./Core/Src/stm32g4xx_it.o
                0x00000000080011b8                EXTI15_10_IRQHandler
 .text.UART4_IRQHandler
                0x00000000080011c8       0x14 ./Core/Src/stm32g4xx_it.o
                0x00000000080011c8                UART4_IRQHandler
 .text.UART5_IRQHandler
                0x00000000080011dc       0x14 ./Core/Src/stm32g4xx_it.o
                0x00000000080011dc                UART5_IRQHandler
 .text.TIM7_IRQHandler
                0x00000000080011f0       0x14 ./Core/Src/stm32g4xx_it.o
                0x00000000080011f0                TIM7_IRQHandler
 .text.LPUART1_IRQHandler
                0x0000000008001204       0x14 ./Core/Src/stm32g4xx_it.o
                0x0000000008001204                LPUART1_IRQHandler
 .text.SystemInit
                0x0000000008001218       0x24 ./Core/Src/system_stm32g4xx.o
                0x0000000008001218                SystemInit
 .text.Reset_Handler
                0x000000000800123c       0x50 ./Core/Startup/startup_stm32g491retx.o
                0x000000000800123c                Reset_Handler
 .text.Default_Handler
                0x000000000800128c        0x2 ./Core/Startup/startup_stm32g491retx.o
                0x000000000800128c                TIM1_BRK_TIM15_IRQHandler
                0x000000000800128c                EXTI2_IRQHandler
                0x000000000800128c                TIM8_TRG_COM_IRQHandler
                0x000000000800128c                TIM8_CC_IRQHandler
                0x000000000800128c                TIM1_CC_IRQHandler
                0x000000000800128c                USB_HP_IRQHandler
                0x000000000800128c                CORDIC_IRQHandler
                0x000000000800128c                DMA2_Channel8_IRQHandler
                0x000000000800128c                EXTI3_IRQHandler
                0x000000000800128c                I2C3_ER_IRQHandler
                0x000000000800128c                EXTI0_IRQHandler
                0x000000000800128c                I2C2_EV_IRQHandler
                0x000000000800128c                FPU_IRQHandler
                0x000000000800128c                FDCAN1_IT1_IRQHandler
                0x000000000800128c                TIM1_UP_TIM16_IRQHandler
                0x000000000800128c                ADC1_2_IRQHandler
                0x000000000800128c                SPI1_IRQHandler
                0x000000000800128c                TIM6_DAC_IRQHandler
                0x000000000800128c                TIM8_UP_IRQHandler
                0x000000000800128c                DMA2_Channel2_IRQHandler
                0x000000000800128c                TIM20_TRG_COM_IRQHandler
                0x000000000800128c                DMA1_Channel7_IRQHandler
                0x000000000800128c                ADC3_IRQHandler
                0x000000000800128c                TIM4_IRQHandler
                0x000000000800128c                DMA2_Channel1_IRQHandler
                0x000000000800128c                QUADSPI_IRQHandler
                0x000000000800128c                I2C1_EV_IRQHandler
                0x000000000800128c                DMA1_Channel6_IRQHandler
                0x000000000800128c                DMA2_Channel4_IRQHandler
                0x000000000800128c                TIM3_IRQHandler
                0x000000000800128c                RCC_IRQHandler
                0x000000000800128c                TIM20_UP_IRQHandler
                0x000000000800128c                Default_Handler
                0x000000000800128c                DMA2_Channel7_IRQHandler
                0x000000000800128c                RTC_TAMP_LSECSS_IRQHandler
                0x000000000800128c                FMAC_IRQHandler
                0x000000000800128c                DMA1_Channel8_IRQHandler
                0x000000000800128c                UCPD1_IRQHandler
                0x000000000800128c                I2C3_EV_IRQHandler
                0x000000000800128c                EXTI9_5_IRQHandler
                0x000000000800128c                RTC_WKUP_IRQHandler
                0x000000000800128c                PVD_PVM_IRQHandler
                0x000000000800128c                SPI2_IRQHandler
                0x000000000800128c                DMA2_Channel5_IRQHandler
                0x000000000800128c                CRS_IRQHandler
                0x000000000800128c                DMA1_Channel5_IRQHandler
                0x000000000800128c                USB_LP_IRQHandler
                0x000000000800128c                EXTI4_IRQHandler
                0x000000000800128c                RNG_IRQHandler
                0x000000000800128c                TIM1_TRG_COM_TIM17_IRQHandler
                0x000000000800128c                FDCAN2_IT1_IRQHandler
                0x000000000800128c                WWDG_IRQHandler
                0x000000000800128c                FDCAN2_IT0_IRQHandler
                0x000000000800128c                DMA2_Channel6_IRQHandler
                0x000000000800128c                FDCAN1_IT0_IRQHandler
                0x000000000800128c                TIM2_IRQHandler
                0x000000000800128c                COMP1_2_3_IRQHandler
                0x000000000800128c                EXTI1_IRQHandler
                0x000000000800128c                USART2_IRQHandler
                0x000000000800128c                TIM20_BRK_IRQHandler
                0x000000000800128c                I2C2_ER_IRQHandler
                0x000000000800128c                TIM8_BRK_IRQHandler
                0x000000000800128c                FLASH_IRQHandler
                0x000000000800128c                TIM20_CC_IRQHandler
                0x000000000800128c                SPI3_IRQHandler
                0x000000000800128c                I2C1_ER_IRQHandler
                0x000000000800128c                LPTIM1_IRQHandler
                0x000000000800128c                DMAMUX_OVR_IRQHandler
                0x000000000800128c                USBWakeUp_IRQHandler
                0x000000000800128c                SAI1_IRQHandler
                0x000000000800128c                DMA2_Channel3_IRQHandler
                0x000000000800128c                COMP4_IRQHandler
                0x000000000800128c                RTC_Alarm_IRQHandler
 .text.HAL_Init
                0x000000000800128e       0x30 ./Drivers/STM32G4xx_HAL_Driver/Src/stm32g4xx_hal.o
                0x000000000800128e                HAL_Init
 *fill*         0x00000000080012be        0x2 
 .text.HAL_IncTick
                0x00000000080012c0       0x24 ./Drivers/STM32G4xx_HAL_Driver/Src/stm32g4xx_hal.o
                0x00000000080012c0                HAL_IncTick
 .text.HAL_GetTick
                0x00000000080012e4       0x18 ./Drivers/STM32G4xx_HAL_Driver/Src/stm32g4xx_hal.o
                0x00000000080012e4                HAL_GetTick
 .text.__NVIC_SetPriorityGrouping
                0x00000000080012fc       0x48 ./Drivers/STM32G4xx_HAL_Driver/Src/stm32g4xx_hal_cortex.o
 .text.__NVIC_GetPriorityGrouping
                0x0000000008001344       0x1c ./Drivers/STM32G4xx_HAL_Driver/Src/stm32g4xx_hal_cortex.o
 .text.__NVIC_EnableIRQ
                0x0000000008001360       0x3c ./Drivers/STM32G4xx_HAL_Driver/Src/stm32g4xx_hal_cortex.o
 .text.__NVIC_SetPriority
                0x000000000800139c       0x54 ./Drivers/STM32G4xx_HAL_Driver/Src/stm32g4xx_hal_cortex.o
 .text.NVIC_EncodePriority
                0x00000000080013f0       0x66 ./Drivers/STM32G4xx_HAL_Driver/Src/stm32g4xx_hal_cortex.o
 .text.HAL_NVIC_SetPriorityGrouping
                0x0000000008001456       0x16 ./Drivers/STM32G4xx_HAL_Driver/Src/stm32g4xx_hal_cortex.o
                0x0000000008001456                HAL_NVIC_SetPriorityGrouping
 .text.HAL_NVIC_SetPriority
                0x000000000800146c       0x34 ./Drivers/STM32G4xx_HAL_Driver/Src/stm32g4xx_hal_cortex.o
                0x000000000800146c                HAL_NVIC_SetPriority
 .text.HAL_NVIC_EnableIRQ
                0x00000000080014a0       0x1c ./Drivers/STM32G4xx_HAL_Driver/Src/stm32g4xx_hal_cortex.o
                0x00000000080014a0                HAL_NVIC_EnableIRQ
 .text.HAL_DMA_Init
                0x00000000080014bc      0x150 ./Drivers/STM32G4xx_HAL_Driver/Src/stm32g4xx_hal_dma.o
                0x00000000080014bc                HAL_DMA_Init
 .text.HAL_DMA_Start_IT
                0x000000000800160c       0xf6 ./Drivers/STM32G4xx_HAL_Driver/Src/stm32g4xx_hal_dma.o
                0x000000000800160c                HAL_DMA_Start_IT
 .text.HAL_DMA_Abort
                0x0000000008001702       0xb2 ./Drivers/STM32G4xx_HAL_Driver/Src/stm32g4xx_hal_dma.o
                0x0000000008001702                HAL_DMA_Abort
 .text.HAL_DMA_Abort_IT
                0x00000000080017b4       0xce ./Drivers/STM32G4xx_HAL_Driver/Src/stm32g4xx_hal_dma.o
                0x00000000080017b4                HAL_DMA_Abort_IT
 .text.HAL_DMA_IRQHandler
                0x0000000008001882      0x15e ./Drivers/STM32G4xx_HAL_Driver/Src/stm32g4xx_hal_dma.o
                0x0000000008001882                HAL_DMA_IRQHandler
 .text.DMA_SetConfig
                0x00000000080019e0       0x7c ./Drivers/STM32G4xx_HAL_Driver/Src/stm32g4xx_hal_dma.o
 .text.DMA_CalcDMAMUXChannelBaseAndMask
                0x0000000008001a5c       0x7c ./Drivers/STM32G4xx_HAL_Driver/Src/stm32g4xx_hal_dma.o
 .text.DMA_CalcDMAMUXRequestGenBaseAndMask
                0x0000000008001ad8       0x48 ./Drivers/STM32G4xx_HAL_Driver/Src/stm32g4xx_hal_dma.o
 .text.HAL_GPIO_Init
                0x0000000008001b20      0x304 ./Drivers/STM32G4xx_HAL_Driver/Src/stm32g4xx_hal_gpio.o
                0x0000000008001b20                HAL_GPIO_Init
 .text.HAL_GPIO_WritePin
                0x0000000008001e24       0x30 ./Drivers/STM32G4xx_HAL_Driver/Src/stm32g4xx_hal_gpio.o
                0x0000000008001e24                HAL_GPIO_WritePin
 .text.HAL_GPIO_EXTI_IRQHandler
                0x0000000008001e54       0x30 ./Drivers/STM32G4xx_HAL_Driver/Src/stm32g4xx_hal_gpio.o
                0x0000000008001e54                HAL_GPIO_EXTI_IRQHandler
 .text.HAL_GPIO_EXTI_Callback
                0x0000000008001e84       0x16 ./Drivers/STM32G4xx_HAL_Driver/Src/stm32g4xx_hal_gpio.o
                0x0000000008001e84                HAL_GPIO_EXTI_Callback
 *fill*         0x0000000008001e9a        0x2 
 .text.HAL_PWREx_ControlVoltageScaling
                0x0000000008001e9c      0x148 ./Drivers/STM32G4xx_HAL_Driver/Src/stm32g4xx_hal_pwr_ex.o
                0x0000000008001e9c                HAL_PWREx_ControlVoltageScaling
 .text.HAL_PWREx_DisableUCPDDeadBattery
                0x0000000008001fe4       0x20 ./Drivers/STM32G4xx_HAL_Driver/Src/stm32g4xx_hal_pwr_ex.o
                0x0000000008001fe4                HAL_PWREx_DisableUCPDDeadBattery
 .text.HAL_RCC_OscConfig
                0x0000000008002004      0x624 ./Drivers/STM32G4xx_HAL_Driver/Src/stm32g4xx_hal_rcc.o
                0x0000000008002004                HAL_RCC_OscConfig
 .text.HAL_RCC_ClockConfig
                0x0000000008002628      0x278 ./Drivers/STM32G4xx_HAL_Driver/Src/stm32g4xx_hal_rcc.o
                0x0000000008002628                HAL_RCC_ClockConfig
 .text.HAL_RCC_GetSysClockFreq
                0x00000000080028a0       0xc4 ./Drivers/STM32G4xx_HAL_Driver/Src/stm32g4xx_hal_rcc.o
                0x00000000080028a0                HAL_RCC_GetSysClockFreq
 .text.HAL_RCC_GetHCLKFreq
                0x0000000008002964       0x18 ./Drivers/STM32G4xx_HAL_Driver/Src/stm32g4xx_hal_rcc.o
                0x0000000008002964                HAL_RCC_GetHCLKFreq
 .text.HAL_RCC_GetPCLK1Freq
                0x000000000800297c       0x2c ./Drivers/STM32G4xx_HAL_Driver/Src/stm32g4xx_hal_rcc.o
                0x000000000800297c                HAL_RCC_GetPCLK1Freq
 .text.HAL_RCC_GetPCLK2Freq
                0x00000000080029a8       0x2c ./Drivers/STM32G4xx_HAL_Driver/Src/stm32g4xx_hal_rcc.o
                0x00000000080029a8                HAL_RCC_GetPCLK2Freq
 .text.HAL_RCC_GetClockConfig
                0x00000000080029d4       0x64 ./Drivers/STM32G4xx_HAL_Driver/Src/stm32g4xx_hal_rcc.o
                0x00000000080029d4                HAL_RCC_GetClockConfig
 .text.RCC_GetSysClockFreqFromPLLSource
                0x0000000008002a38       0x8c ./Drivers/STM32G4xx_HAL_Driver/Src/stm32g4xx_hal_rcc.o
 .text.HAL_RCCEx_PeriphCLKConfig
                0x0000000008002ac4      0x478 ./Drivers/STM32G4xx_HAL_Driver/Src/stm32g4xx_hal_rcc_ex.o
                0x0000000008002ac4                HAL_RCCEx_PeriphCLKConfig
 .text.HAL_TIM_Base_Init
                0x0000000008002f3c       0xae ./Drivers/STM32G4xx_HAL_Driver/Src/stm32g4xx_hal_tim.o
                0x0000000008002f3c                HAL_TIM_Base_Init
 .text.HAL_TIM_Base_MspInit
                0x0000000008002fea       0x14 ./Drivers/STM32G4xx_HAL_Driver/Src/stm32g4xx_hal_tim.o
                0x0000000008002fea                HAL_TIM_Base_MspInit
 *fill*         0x0000000008002ffe        0x2 
 .text.HAL_TIM_Base_Start_IT
                0x0000000008003000       0xe0 ./Drivers/STM32G4xx_HAL_Driver/Src/stm32g4xx_hal_tim.o
                0x0000000008003000                HAL_TIM_Base_Start_IT
 .text.HAL_TIM_IRQHandler
                0x00000000080030e0      0x29e ./Drivers/STM32G4xx_HAL_Driver/Src/stm32g4xx_hal_tim.o
                0x00000000080030e0                HAL_TIM_IRQHandler
 .text.HAL_TIM_OC_DelayElapsedCallback
                0x000000000800337e       0x14 ./Drivers/STM32G4xx_HAL_Driver/Src/stm32g4xx_hal_tim.o
                0x000000000800337e                HAL_TIM_OC_DelayElapsedCallback
 .text.HAL_TIM_IC_CaptureCallback
                0x0000000008003392       0x14 ./Drivers/STM32G4xx_HAL_Driver/Src/stm32g4xx_hal_tim.o
                0x0000000008003392                HAL_TIM_IC_CaptureCallback
 .text.HAL_TIM_PWM_PulseFinishedCallback
                0x00000000080033a6       0x14 ./Drivers/STM32G4xx_HAL_Driver/Src/stm32g4xx_hal_tim.o
                0x00000000080033a6                HAL_TIM_PWM_PulseFinishedCallback
 .text.HAL_TIM_TriggerCallback
                0x00000000080033ba       0x14 ./Drivers/STM32G4xx_HAL_Driver/Src/stm32g4xx_hal_tim.o
                0x00000000080033ba                HAL_TIM_TriggerCallback
 *fill*         0x00000000080033ce        0x2 
 .text.TIM_Base_SetConfig
                0x00000000080033d0      0x154 ./Drivers/STM32G4xx_HAL_Driver/Src/stm32g4xx_hal_tim.o
                0x00000000080033d0                TIM_Base_SetConfig
 .text.HAL_TIMEx_CommutCallback
                0x0000000008003524       0x14 ./Drivers/STM32G4xx_HAL_Driver/Src/stm32g4xx_hal_tim_ex.o
                0x0000000008003524                HAL_TIMEx_CommutCallback
 .text.HAL_TIMEx_BreakCallback
                0x0000000008003538       0x14 ./Drivers/STM32G4xx_HAL_Driver/Src/stm32g4xx_hal_tim_ex.o
                0x0000000008003538                HAL_TIMEx_BreakCallback
 .text.HAL_TIMEx_Break2Callback
                0x000000000800354c       0x14 ./Drivers/STM32G4xx_HAL_Driver/Src/stm32g4xx_hal_tim_ex.o
                0x000000000800354c                HAL_TIMEx_Break2Callback
 .text.HAL_TIMEx_EncoderIndexCallback
                0x0000000008003560       0x14 ./Drivers/STM32G4xx_HAL_Driver/Src/stm32g4xx_hal_tim_ex.o
                0x0000000008003560                HAL_TIMEx_EncoderIndexCallback
 .text.HAL_TIMEx_DirectionChangeCallback
                0x0000000008003574       0x14 ./Drivers/STM32G4xx_HAL_Driver/Src/stm32g4xx_hal_tim_ex.o
                0x0000000008003574                HAL_TIMEx_DirectionChangeCallback
 .text.HAL_TIMEx_IndexErrorCallback
                0x0000000008003588       0x14 ./Drivers/STM32G4xx_HAL_Driver/Src/stm32g4xx_hal_tim_ex.o
                0x0000000008003588                HAL_TIMEx_IndexErrorCallback
 .text.HAL_TIMEx_TransitionErrorCallback
                0x000000000800359c       0x14 ./Drivers/STM32G4xx_HAL_Driver/Src/stm32g4xx_hal_tim_ex.o
                0x000000000800359c                HAL_TIMEx_TransitionErrorCallback
 .text.HAL_UART_Init
                0x00000000080035b0       0xa0 ./Drivers/STM32G4xx_HAL_Driver/Src/stm32g4xx_hal_uart.o
                0x00000000080035b0                HAL_UART_Init
 .text.HAL_UART_Transmit_DMA
                0x0000000008003650      0x100 ./Drivers/STM32G4xx_HAL_Driver/Src/stm32g4xx_hal_uart.o
                0x0000000008003650                HAL_UART_Transmit_DMA
 .text.HAL_UART_IRQHandler
                0x0000000008003750      0x648 ./Drivers/STM32G4xx_HAL_Driver/Src/stm32g4xx_hal_uart.o
                0x0000000008003750                HAL_UART_IRQHandler
 .text.HAL_UART_TxHalfCpltCallback
                0x0000000008003d98       0x14 ./Drivers/STM32G4xx_HAL_Driver/Src/stm32g4xx_hal_uart.o
                0x0000000008003d98                HAL_UART_TxHalfCpltCallback
 .text.UART_SetConfig
                0x0000000008003dac      0x5f8 ./Drivers/STM32G4xx_HAL_Driver/Src/stm32g4xx_hal_uart.o
                0x0000000008003dac                UART_SetConfig
 .text.UART_AdvFeatureConfig
                0x00000000080043a4      0x144 ./Drivers/STM32G4xx_HAL_Driver/Src/stm32g4xx_hal_uart.o
                0x00000000080043a4                UART_AdvFeatureConfig
 .text.UART_CheckIdleState
                0x00000000080044e8      0x154 ./Drivers/STM32G4xx_HAL_Driver/Src/stm32g4xx_hal_uart.o
                0x00000000080044e8                UART_CheckIdleState
 .text.UART_WaitOnFlagUntilTimeout
                0x000000000800463c       0xda ./Drivers/STM32G4xx_HAL_Driver/Src/stm32g4xx_hal_uart.o
                0x000000000800463c                UART_WaitOnFlagUntilTimeout
 .text.UART_EndTxTransfer
                0x0000000008004716       0x82 ./Drivers/STM32G4xx_HAL_Driver/Src/stm32g4xx_hal_uart.o
 .text.UART_EndRxTransfer
                0x0000000008004798       0xcc ./Drivers/STM32G4xx_HAL_Driver/Src/stm32g4xx_hal_uart.o
 .text.UART_DMATransmitCplt
                0x0000000008004864       0x9a ./Drivers/STM32G4xx_HAL_Driver/Src/stm32g4xx_hal_uart.o
 .text.UART_DMATxHalfCplt
                0x00000000080048fe       0x1c ./Drivers/STM32G4xx_HAL_Driver/Src/stm32g4xx_hal_uart.o
 .text.UART_DMAError
                0x000000000800491a       0x80 ./Drivers/STM32G4xx_HAL_Driver/Src/stm32g4xx_hal_uart.o
 .text.UART_DMAAbortOnError
                0x000000000800499a       0x2c ./Drivers/STM32G4xx_HAL_Driver/Src/stm32g4xx_hal_uart.o
 .text.UART_EndTransmit_IT
                0x00000000080049c6       0x56 ./Drivers/STM32G4xx_HAL_Driver/Src/stm32g4xx_hal_uart.o
 .text.HAL_UARTEx_WakeupCallback
                0x0000000008004a1c       0x14 ./Drivers/STM32G4xx_HAL_Driver/Src/stm32g4xx_hal_uart_ex.o
                0x0000000008004a1c                HAL_UARTEx_WakeupCallback
 .text.HAL_UARTEx_TxFifoEmptyCallback
                0x0000000008004a30       0x14 ./Drivers/STM32G4xx_HAL_Driver/Src/stm32g4xx_hal_uart_ex.o
                0x0000000008004a30                HAL_UARTEx_TxFifoEmptyCallback
 .text.HAL_UARTEx_DisableFifoMode
                0x0000000008004a44       0x72 ./Drivers/STM32G4xx_HAL_Driver/Src/stm32g4xx_hal_uart_ex.o
                0x0000000008004a44                HAL_UARTEx_DisableFifoMode
 .text.HAL_UARTEx_SetTxFifoThreshold
                0x0000000008004ab6       0x7c ./Drivers/STM32G4xx_HAL_Driver/Src/stm32g4xx_hal_uart_ex.o
                0x0000000008004ab6                HAL_UARTEx_SetTxFifoThreshold
 .text.HAL_UARTEx_SetRxFifoThreshold
                0x0000000008004b32       0x7c ./Drivers/STM32G4xx_HAL_Driver/Src/stm32g4xx_hal_uart_ex.o
                0x0000000008004b32                HAL_UARTEx_SetRxFifoThreshold
 *fill*         0x0000000008004bae        0x2 
 .text.UARTEx_SetNbDataToProcess
                0x0000000008004bb0       0x9c ./Drivers/STM32G4xx_HAL_Driver/Src/stm32g4xx_hal_uart_ex.o
 .text.makeFreeRtosPriority
                0x0000000008004c4c       0x30 ./Middlewares/Third_Party/FreeRTOS/Source/CMSIS_RTOS/cmsis_os.o
 .text.osKernelStart
                0x0000000008004c7c        0xe ./Middlewares/Third_Party/FreeRTOS/Source/CMSIS_RTOS/cmsis_os.o
                0x0000000008004c7c                osKernelStart
 .text.osThreadCreate
                0x0000000008004c8a       0x4a ./Middlewares/Third_Party/FreeRTOS/Source/CMSIS_RTOS/cmsis_os.o
                0x0000000008004c8a                osThreadCreate
 .text.vListInitialise
                0x0000000008004cd4       0x40 ./Middlewares/Third_Party/FreeRTOS/Source/list.o
                0x0000000008004cd4                vListInitialise
 .text.vListInitialiseItem
                0x0000000008004d14       0x1a ./Middlewares/Third_Party/FreeRTOS/Source/list.o
                0x0000000008004d14                vListInitialiseItem
 .text.vListInsertEnd
                0x0000000008004d2e       0x48 ./Middlewares/Third_Party/FreeRTOS/Source/list.o
                0x0000000008004d2e                vListInsertEnd
 .text.vListInsert
                0x0000000008004d76       0x72 ./Middlewares/Third_Party/FreeRTOS/Source/list.o
                0x0000000008004d76                vListInsert
 .text.uxListRemove
                0x0000000008004de8       0x54 ./Middlewares/Third_Party/FreeRTOS/Source/list.o
                0x0000000008004de8                uxListRemove
 .text.xTaskCreateStatic
                0x0000000008004e3c       0xb2 ./Middlewares/Third_Party/FreeRTOS/Source/tasks.o
                0x0000000008004e3c                xTaskCreateStatic
 .text.prvInitialiseNewTask
                0x0000000008004eee      0x10e ./Middlewares/Third_Party/FreeRTOS/Source/tasks.o
 .text.prvAddNewTaskToReadyList
                0x0000000008004ffc       0xd4 ./Middlewares/Third_Party/FreeRTOS/Source/tasks.o
 .text.vTaskStartScheduler
                0x00000000080050d0       0xc0 ./Middlewares/Third_Party/FreeRTOS/Source/tasks.o
                0x00000000080050d0                vTaskStartScheduler
 .text.xTaskIncrementTick
                0x0000000008005190      0x170 ./Middlewares/Third_Party/FreeRTOS/Source/tasks.o
                0x0000000008005190                xTaskIncrementTick
 .text.vTaskSwitchContext
                0x0000000008005300       0xb8 ./Middlewares/Third_Party/FreeRTOS/Source/tasks.o
                0x0000000008005300                vTaskSwitchContext
 .text.prvIdleTask
                0x00000000080053b8       0x30 ./Middlewares/Third_Party/FreeRTOS/Source/tasks.o
 .text.prvInitialiseTaskLists
                0x00000000080053e8       0x80 ./Middlewares/Third_Party/FreeRTOS/Source/tasks.o
 .text.prvCheckTasksWaitingTermination
                0x0000000008005468       0x5c ./Middlewares/Third_Party/FreeRTOS/Source/tasks.o
 .text.prvDeleteTCB
                0x00000000080054c4       0x14 ./Middlewares/Third_Party/FreeRTOS/Source/tasks.o
 .text.prvResetNextTaskUnblockTime
                0x00000000080054d8       0x40 ./Middlewares/Third_Party/FreeRTOS/Source/tasks.o
 .text.xTaskNotifyWait
                0x0000000008005518       0xb4 ./Middlewares/Third_Party/FreeRTOS/Source/tasks.o
                0x0000000008005518                xTaskNotifyWait
 .text.xTaskGenericNotifyFromISR
                0x00000000080055cc      0x1b4 ./Middlewares/Third_Party/FreeRTOS/Source/tasks.o
                0x00000000080055cc                xTaskGenericNotifyFromISR
 .text.prvAddCurrentTaskToDelayedList
                0x0000000008005780       0xcc ./Middlewares/Third_Party/FreeRTOS/Source/tasks.o
 .text.pxPortInitialiseStack
                0x000000000800584c       0x68 ./Middlewares/Third_Party/FreeRTOS/Source/portable/GCC/ARM_CM4F/port.o
                0x000000000800584c                pxPortInitialiseStack
 .text.prvTaskExitError
                0x00000000080058b4       0x58 ./Middlewares/Third_Party/FreeRTOS/Source/portable/GCC/ARM_CM4F/port.o
 *fill*         0x000000000800590c        0x4 
 .text.SVC_Handler
                0x0000000008005910       0x28 ./Middlewares/Third_Party/FreeRTOS/Source/portable/GCC/ARM_CM4F/port.o
                0x0000000008005910                SVC_Handler
 .text.prvPortStartFirstTask
                0x0000000008005938       0x28 ./Middlewares/Third_Party/FreeRTOS/Source/portable/GCC/ARM_CM4F/port.o
 .text.xPortStartScheduler
                0x0000000008005960      0x144 ./Middlewares/Third_Party/FreeRTOS/Source/portable/GCC/ARM_CM4F/port.o
                0x0000000008005960                xPortStartScheduler
 .text.vPortEnterCritical
                0x0000000008005aa4       0x60 ./Middlewares/Third_Party/FreeRTOS/Source/portable/GCC/ARM_CM4F/port.o
                0x0000000008005aa4                vPortEnterCritical
 .text.vPortExitCritical
                0x0000000008005b04       0x54 ./Middlewares/Third_Party/FreeRTOS/Source/portable/GCC/ARM_CM4F/port.o
                0x0000000008005b04                vPortExitCritical
 *fill*         0x0000000008005b58        0x8 
 .text.PendSV_Handler
                0x0000000008005b60       0x68 ./Middlewares/Third_Party/FreeRTOS/Source/portable/GCC/ARM_CM4F/port.o
                0x0000000008005b60                PendSV_Handler
 .text.SysTick_Handler
                0x0000000008005bc8       0x44 ./Middlewares/Third_Party/FreeRTOS/Source/portable/GCC/ARM_CM4F/port.o
                0x0000000008005bc8                SysTick_Handler
 .text.vPortSetupTimerInterrupt
                0x0000000008005c0c       0x48 ./Middlewares/Third_Party/FreeRTOS/Source/portable/GCC/ARM_CM4F/port.o
                0x0000000008005c0c                vPortSetupTimerInterrupt
 .text.vPortEnableVFP
                0x0000000008005c54       0x14 ./Middlewares/Third_Party/FreeRTOS/Source/portable/GCC/ARM_CM4F/port.o
 .text.vPortValidateInterruptPriority
                0x0000000008005c68       0x80 ./Middlewares/Third_Party/FreeRTOS/Source/portable/GCC/ARM_CM4F/port.o
                0x0000000008005c68                vPortValidateInterruptPriority
 .text.itm_debug2
                0x0000000008005ce8       0x40 ./src/app/minitels.o
 .text.itm_debug3
                0x0000000008005d28       0x40 ./src/app/minitels.o
 .text.minitel_init_all
                0x0000000008005d68       0x18 ./src/app/minitels.o
                0x0000000008005d68                minitel_init_all
 .text.minitel_processtxdone
                0x0000000008005d80       0x4c ./src/app/minitels.o
                0x0000000008005d80                minitel_processtxdone
 .text.minitel_processrx
                0x0000000008005dcc       0x5c ./src/app/minitels.o
                0x0000000008005dcc                minitel_processrx
 .text.minitel_process_rxchar
                0x0000000008005e28       0x58 ./src/app/minitels.o
 .text.minitel_tick
                0x0000000008005e80       0x60 ./src/app/minitels.o
                0x0000000008005e80                minitel_tick
 .text.itm_debug1
                0x0000000008005ee0       0x3c ./src/app/miniteltask.o
 .text.StartMainTask
                0x0000000008005f1c       0x84 ./src/app/miniteltask.o
                0x0000000008005f1c                StartMainTask
 .text.itm_debug1
                0x0000000008005fa0       0x3c ./src/serial/serial.o
 .text.itm_debug2
                0x0000000008005fdc       0x40 ./src/serial/serial.o
 .text.itm_debug3
                0x000000000800601c       0x40 ./src/serial/serial.o
 .text.serial_send_bytes
                0x000000000800605c       0xf8 ./src/serial/serial.o
                0x000000000800605c                serial_send_bytes
 .text.HAL_UART_TxCpltCallback
                0x0000000008006154       0xd0 ./src/serial/serial.o
                0x0000000008006154                HAL_UART_TxCpltCallback
 .text.bh       0x0000000008006224        0xe ./src/serial/serial.o
 *fill*         0x0000000008006232        0x2 
 .text.HAL_UARTEx_RxFifoFullCallback
                0x0000000008006234       0x24 ./src/serial/serial.o
                0x0000000008006234                HAL_UARTEx_RxFifoFullCallback
 .text.HAL_UARTEx_RxEventCallback
                0x0000000008006258       0x28 ./src/serial/serial.o
                0x0000000008006258                HAL_UARTEx_RxEventCallback
 .text.HAL_UART_ErrorCallback
                0x0000000008006280       0x8c ./src/serial/serial.o
                0x0000000008006280                HAL_UART_ErrorCallback
 .text.ITM_SendChar
                0x000000000800630c       0x4e ./src/utils/itm_debug.o
 *fill*         0x000000000800635a        0x2 
 .text.write_num
                0x000000000800635c       0x5c ./src/utils/itm_debug.o
 .text.mywrite  0x00000000080063b8       0x36 ./src/utils/itm_debug.o
 *fill*         0x00000000080063ee        0x2 
 .text._itm_debug3
                0x00000000080063f0      0x178 ./src/utils/itm_debug.o
                0x00000000080063f0                _itm_debug3
 .text.itm_debug1
                0x0000000008006568       0x3c ./src/utils/lf_mqueue.o
 .text._mqf_len
                0x00000000080065a4       0x78 ./src/utils/lf_mqueue.o
 .text.mqf_read
                0x000000000800661c       0x8e ./src/utils/lf_mqueue.o
                0x000000000800661c                mqf_read
 *fill*         0x00000000080066aa        0x2 
 .text.FatalError
                0x00000000080066ac       0x30 ./src/utils/misc.o
                0x00000000080066ac                FatalError
 .text.__itoa   0x00000000080066dc       0x30 /Applications/STM32CubeIDE.app/Contents/Eclipse/plugins/com.st.stm32cube.ide.mcu.externaltools.gnu-tools-for-stm32.11.3.rel1.macos64_1.1.0.202305231506/tools/bin/../lib/gcc/arm-none-eabi/11.3.1/../../../../arm-none-eabi/lib/thumb/v7e-m+fp/hard/libc_nano.a(libc_a-itoa.o)
                0x00000000080066dc                __itoa
 .text.itoa     0x000000000800670c        0x4 /Applications/STM32CubeIDE.app/Contents/Eclipse/plugins/com.st.stm32cube.ide.mcu.externaltools.gnu-tools-for-stm32.11.3.rel1.macos64_1.1.0.202305231506/tools/bin/../lib/gcc/arm-none-eabi/11.3.1/../../../../arm-none-eabi/lib/thumb/v7e-m+fp/hard/libc_nano.a(libc_a-itoa.o)
                0x000000000800670c                itoa
 .text.__utoa   0x0000000008006710       0x84 /Applications/STM32CubeIDE.app/Contents/Eclipse/plugins/com.st.stm32cube.ide.mcu.externaltools.gnu-tools-for-stm32.11.3.rel1.macos64_1.1.0.202305231506/tools/bin/../lib/gcc/arm-none-eabi/11.3.1/../../../../arm-none-eabi/lib/thumb/v7e-m+fp/hard/libc_nano.a(libc_a-utoa.o)
                0x0000000008006710                __utoa
 .text.memset   0x0000000008006794       0x10 /Applications/STM32CubeIDE.app/Contents/Eclipse/plugins/com.st.stm32cube.ide.mcu.externaltools.gnu-tools-for-stm32.11.3.rel1.macos64_1.1.0.202305231506/tools/bin/../lib/gcc/arm-none-eabi/11.3.1/../../../../arm-none-eabi/lib/thumb/v7e-m+fp/hard/libc_nano.a(libc_a-memset.o)
                0x0000000008006794                memset
 .text.__libc_init_array
                0x00000000080067a4       0x48 /Applications/STM32CubeIDE.app/Contents/Eclipse/plugins/com.st.stm32cube.ide.mcu.externaltools.gnu-tools-for-stm32.11.3.rel1.macos64_1.1.0.202305231506/tools/bin/../lib/gcc/arm-none-eabi/11.3.1/../../../../arm-none-eabi/lib/thumb/v7e-m+fp/hard/libc_nano.a(libc_a-init.o)
                0x00000000080067a4                __libc_init_array
 .text.memcpy   0x00000000080067ec       0x1c /Applications/STM32CubeIDE.app/Contents/Eclipse/plugins/com.st.stm32cube.ide.mcu.externaltools.gnu-tools-for-stm32.11.3.rel1.macos64_1.1.0.202305231506/tools/bin/../lib/gcc/arm-none-eabi/11.3.1/../../../../arm-none-eabi/lib/thumb/v7e-m+fp/hard/libc_nano.a(libc_a-memcpy-stub.o)
                0x00000000080067ec                memcpy
 *(.glue_7)
 .glue_7        0x0000000008006808        0x0 linker stubs
 *(.glue_7t)
 .glue_7t       0x0000000008006808        0x0 linker stubs
 *(.eh_frame)
 .eh_frame      0x0000000008006808        0x0 /Applications/STM32CubeIDE.app/Contents/Eclipse/plugins/com.st.stm32cube.ide.mcu.externaltools.gnu-tools-for-stm32.11.3.rel1.macos64_1.1.0.202305231506/tools/bin/../lib/gcc/arm-none-eabi/11.3.1/thumb/v7e-m+fp/hard/crtbegin.o
 *(.init)
 .init          0x0000000008006808        0x4 /Applications/STM32CubeIDE.app/Contents/Eclipse/plugins/com.st.stm32cube.ide.mcu.externaltools.gnu-tools-for-stm32.11.3.rel1.macos64_1.1.0.202305231506/tools/bin/../lib/gcc/arm-none-eabi/11.3.1/thumb/v7e-m+fp/hard/crti.o
                0x0000000008006808                _init
 .init          0x000000000800680c        0x8 /Applications/STM32CubeIDE.app/Contents/Eclipse/plugins/com.st.stm32cube.ide.mcu.externaltools.gnu-tools-for-stm32.11.3.rel1.macos64_1.1.0.202305231506/tools/bin/../lib/gcc/arm-none-eabi/11.3.1/thumb/v7e-m+fp/hard/crtn.o
 *(.fini)
 .fini          0x0000000008006814        0x4 /Applications/STM32CubeIDE.app/Contents/Eclipse/plugins/com.st.stm32cube.ide.mcu.externaltools.gnu-tools-for-stm32.11.3.rel1.macos64_1.1.0.202305231506/tools/bin/../lib/gcc/arm-none-eabi/11.3.1/thumb/v7e-m+fp/hard/crti.o
                0x0000000008006814                _fini
 .fini          0x0000000008006818        0x8 /Applications/STM32CubeIDE.app/Contents/Eclipse/plugins/com.st.stm32cube.ide.mcu.externaltools.gnu-tools-for-stm32.11.3.rel1.macos64_1.1.0.202305231506/tools/bin/../lib/gcc/arm-none-eabi/11.3.1/thumb/v7e-m+fp/hard/crtn.o
                0x0000000008006820                . = ALIGN (0x4)
                0x0000000008006820                _etext = .

.vfp11_veneer   0x0000000008006820        0x0
 .vfp11_veneer  0x0000000008006820        0x0 linker stubs

.v4_bx          0x0000000008006820        0x0
 .v4_bx         0x0000000008006820        0x0 linker stubs

.iplt           0x0000000008006820        0x0
 .iplt          0x0000000008006820        0x0 /Applications/STM32CubeIDE.app/Contents/Eclipse/plugins/com.st.stm32cube.ide.mcu.externaltools.gnu-tools-for-stm32.11.3.rel1.macos64_1.1.0.202305231506/tools/bin/../lib/gcc/arm-none-eabi/11.3.1/thumb/v7e-m+fp/hard/crtbegin.o

.rodata         0x0000000008006820      0x16c
                0x0000000008006820                . = ALIGN (0x4)
 *(.rodata)
 .rodata        0x0000000008006820       0x28 ./Core/Src/main.o
 .rodata        0x0000000008006848        0x5 ./Middlewares/Third_Party/FreeRTOS/Source/tasks.o
 *fill*         0x000000000800684d        0x3 
 .rodata        0x0000000008006850       0x17 ./src/app/minitels.o
 *fill*         0x0000000008006867        0x1 
 .rodata        0x0000000008006868        0x8 ./src/app/miniteltask.o
 .rodata        0x0000000008006870       0x62 ./src/serial/serial.o
 *fill*         0x00000000080068d2        0x2 
 .rodata        0x00000000080068d4        0x2 ./src/utils/itm_debug.o
 *fill*         0x00000000080068d6        0x2 
 .rodata        0x00000000080068d8       0x48 ./src/utils/lf_mqueue.o
 *(.rodata*)
 .rodata.AHBPrescTable
                0x0000000008006920       0x10 ./Core/Src/system_stm32g4xx.o
                0x0000000008006920                AHBPrescTable
 .rodata.APBPrescTable
                0x0000000008006930        0x8 ./Core/Src/system_stm32g4xx.o
                0x0000000008006930                APBPrescTable
 .rodata.UARTPrescTable
                0x0000000008006938       0x18 ./Drivers/STM32G4xx_HAL_Driver/Src/stm32g4xx_hal_uart.o
                0x0000000008006938                UARTPrescTable
 .rodata.numerator.1
                0x0000000008006950        0x8 ./Drivers/STM32G4xx_HAL_Driver/Src/stm32g4xx_hal_uart_ex.o
 .rodata.denominator.0
                0x0000000008006958        0x8 ./Drivers/STM32G4xx_HAL_Driver/Src/stm32g4xx_hal_uart_ex.o
 .rodata.mnt_ping
                0x0000000008006960        0x7 ./src/app/minitels.o
 .rodata.__utoa.str1.1
                0x0000000008006967       0x25 /Applications/STM32CubeIDE.app/Contents/Eclipse/plugins/com.st.stm32cube.ide.mcu.externaltools.gnu-tools-for-stm32.11.3.rel1.macos64_1.1.0.202305231506/tools/bin/../lib/gcc/arm-none-eabi/11.3.1/../../../../arm-none-eabi/lib/thumb/v7e-m+fp/hard/libc_nano.a(libc_a-utoa.o)
                0x000000000800698c                . = ALIGN (0x4)

.ARM.extab      0x000000000800698c        0x0
                0x000000000800698c                . = ALIGN (0x4)
 *(.ARM.extab* .gnu.linkonce.armextab.*)
                0x000000000800698c                . = ALIGN (0x4)

.ARM            0x000000000800698c        0x8
                0x000000000800698c                . = ALIGN (0x4)
                0x000000000800698c                __exidx_start = .
 *(.ARM.exidx*)
 .ARM.exidx     0x000000000800698c        0x8 /Applications/STM32CubeIDE.app/Contents/Eclipse/plugins/com.st.stm32cube.ide.mcu.externaltools.gnu-tools-for-stm32.11.3.rel1.macos64_1.1.0.202305231506/tools/bin/../lib/gcc/arm-none-eabi/11.3.1/thumb/v7e-m+fp/hard/libgcc.a(_udivmoddi4.o)
                0x0000000008006994                __exidx_end = .
                0x0000000008006994                . = ALIGN (0x4)

.rel.dyn        0x0000000008006994        0x0
 .rel.iplt      0x0000000008006994        0x0 /Applications/STM32CubeIDE.app/Contents/Eclipse/plugins/com.st.stm32cube.ide.mcu.externaltools.gnu-tools-for-stm32.11.3.rel1.macos64_1.1.0.202305231506/tools/bin/../lib/gcc/arm-none-eabi/11.3.1/thumb/v7e-m+fp/hard/crtbegin.o

.preinit_array  0x0000000008006994        0x0
                0x0000000008006994                . = ALIGN (0x4)
                0x0000000008006994                PROVIDE (__preinit_array_start = .)
 *(.preinit_array*)
                0x0000000008006994                PROVIDE (__preinit_array_end = .)
                0x0000000008006994                . = ALIGN (0x4)

.init_array     0x0000000008006994        0x4
                0x0000000008006994                . = ALIGN (0x4)
                0x0000000008006994                PROVIDE (__init_array_start = .)
 *(SORT_BY_NAME(.init_array.*))
 *(.init_array*)
 .init_array    0x0000000008006994        0x4 /Applications/STM32CubeIDE.app/Contents/Eclipse/plugins/com.st.stm32cube.ide.mcu.externaltools.gnu-tools-for-stm32.11.3.rel1.macos64_1.1.0.202305231506/tools/bin/../lib/gcc/arm-none-eabi/11.3.1/thumb/v7e-m+fp/hard/crtbegin.o
                0x0000000008006998                PROVIDE (__init_array_end = .)
                0x0000000008006998                . = ALIGN (0x4)

.fini_array     0x0000000008006998        0x4
                0x0000000008006998                . = ALIGN (0x4)
                [!provide]                        PROVIDE (__fini_array_start = .)
 *(SORT_BY_NAME(.fini_array.*))
 *(.fini_array*)
 .fini_array    0x0000000008006998        0x4 /Applications/STM32CubeIDE.app/Contents/Eclipse/plugins/com.st.stm32cube.ide.mcu.externaltools.gnu-tools-for-stm32.11.3.rel1.macos64_1.1.0.202305231506/tools/bin/../lib/gcc/arm-none-eabi/11.3.1/thumb/v7e-m+fp/hard/crtbegin.o
                [!provide]                        PROVIDE (__fini_array_end = .)
                0x000000000800699c                . = ALIGN (0x4)
                0x000000000800699c                _sidata = LOADADDR (.data)

.data           0x0000000020000000       0xb4 load address 0x000000000800699c
                0x0000000020000000                . = ALIGN (0x4)
                0x0000000020000000                _sdata = .
 *(.data)
 *(.data*)
 .data.SystemCoreClock
                0x0000000020000000        0x4 ./Core/Src/system_stm32g4xx.o
                0x0000000020000000                SystemCoreClock
 .data.uwTickPrio
                0x0000000020000004        0x4 ./Drivers/STM32G4xx_HAL_Driver/Src/stm32g4xx_hal.o
                0x0000000020000004                uwTickPrio
 .data.uwTickFreq
                0x0000000020000008        0x4 ./Drivers/STM32G4xx_HAL_Driver/Src/stm32g4xx_hal.o
                0x0000000020000008                uwTickFreq
 .data.uxCriticalNesting
                0x000000002000000c        0x4 ./Middlewares/Third_Party/FreeRTOS/Source/portable/GCC/ARM_CM4F/port.o
 .data.q1       0x0000000020000010        0xc ./src/serial/serial.o
                0x0000000020000010                q1
 .data.q3       0x000000002000001c        0xc ./src/serial/serial.o
                0x000000002000001c                q3
 .data.q4       0x0000000020000028        0xc ./src/serial/serial.o
                0x0000000020000028                q4
 .data.q5       0x0000000020000034        0xc ./src/serial/serial.o
                0x0000000020000034                q5
 .data.serials  0x0000000020000040       0x70 ./src/serial/serial.o
                0x0000000020000040                serials
 .data.debug_flags
                0x00000000200000b0        0x4 ./src/utils/itm_debug.o
                0x00000000200000b0                debug_flags
 *(.RamFunc)
 *(.RamFunc*)
                0x00000000200000b4                . = ALIGN (0x4)
                0x00000000200000b4                _edata = .

.igot.plt       0x00000000200000b4        0x0 load address 0x0000000008006a50
 .igot.plt      0x00000000200000b4        0x0 /Applications/STM32CubeIDE.app/Contents/Eclipse/plugins/com.st.stm32cube.ide.mcu.externaltools.gnu-tools-for-stm32.11.3.rel1.macos64_1.1.0.202305231506/tools/bin/../lib/gcc/arm-none-eabi/11.3.1/thumb/v7e-m+fp/hard/crtbegin.o

.ccmram         0x00000000200000b4       0x80 load address 0x0000000008006a50
 .ccmram        0x00000000200000b4       0x80 ./src/serial/serial.o
                0x00000000200000b4                bufq1
                0x00000000200000d4                bufq3
                0x00000000200000f4                bufq4
                0x0000000020000114                bufq5
                0x0000000020000134                . = ALIGN (0x4)

.bss            0x0000000020000134      0xcc8 load address 0x0000000008006ad0
                0x0000000020000134                _sbss = .
                0x0000000020000134                __bss_start__ = _sbss
 *(.bss)
 .bss           0x0000000020000134       0x1c /Applications/STM32CubeIDE.app/Contents/Eclipse/plugins/com.st.stm32cube.ide.mcu.externaltools.gnu-tools-for-stm32.11.3.rel1.macos64_1.1.0.202305231506/tools/bin/../lib/gcc/arm-none-eabi/11.3.1/thumb/v7e-m+fp/hard/crtbegin.o
 *(.bss*)
 .bss.xIdleTaskTCBBuffer
                0x0000000020000150       0x54 ./Core/Src/app_freertos.o
 .bss.xIdleStack
                0x00000000200001a4      0x200 ./Core/Src/app_freertos.o
 .bss.hlpuart1  0x00000000200003a4       0x94 ./Core/Src/main.o
                0x00000000200003a4                hlpuart1
 .bss.huart4    0x0000000020000438       0x94 ./Core/Src/main.o
                0x0000000020000438                huart4
 .bss.huart5    0x00000000200004cc       0x94 ./Core/Src/main.o
                0x00000000200004cc                huart5
 .bss.huart1    0x0000000020000560       0x94 ./Core/Src/main.o
                0x0000000020000560                huart1
 .bss.huart3    0x00000000200005f4       0x94 ./Core/Src/main.o
                0x00000000200005f4                huart3
 .bss.hdma_uart4_tx
                0x0000000020000688       0x60 ./Core/Src/main.o
                0x0000000020000688                hdma_uart4_tx
 .bss.hdma_uart5_tx
                0x00000000200006e8       0x60 ./Core/Src/main.o
                0x00000000200006e8                hdma_uart5_tx
 .bss.hdma_usart1_tx
                0x0000000020000748       0x60 ./Core/Src/main.o
                0x0000000020000748                hdma_usart1_tx
 .bss.hdma_usart3_tx
                0x00000000200007a8       0x60 ./Core/Src/main.o
                0x00000000200007a8                hdma_usart3_tx
 .bss.mainTaskHandle
                0x0000000020000808        0x4 ./Core/Src/main.o
                0x0000000020000808                mainTaskHandle
 .bss.mainTaskBuffer
                0x000000002000080c      0x400 ./Core/Src/main.o
                0x000000002000080c                mainTaskBuffer
 .bss.mainTaskControlBlock
                0x0000000020000c0c       0x54 ./Core/Src/main.o
                0x0000000020000c0c                mainTaskControlBlock
 .bss.htim7     0x0000000020000c60       0x4c ./Core/Src/stm32g4xx_hal_timebase_tim.o
                0x0000000020000c60                htim7
 .bss.uwTick    0x0000000020000cac        0x4 ./Drivers/STM32G4xx_HAL_Driver/Src/stm32g4xx_hal.o
                0x0000000020000cac                uwTick
 .bss.pxCurrentTCB
                0x0000000020000cb0        0x4 ./Middlewares/Third_Party/FreeRTOS/Source/tasks.o
                0x0000000020000cb0                pxCurrentTCB
 .bss.pxReadyTasksLists
                0x0000000020000cb4       0x8c ./Middlewares/Third_Party/FreeRTOS/Source/tasks.o
 .bss.xDelayedTaskList1
                0x0000000020000d40       0x14 ./Middlewares/Third_Party/FreeRTOS/Source/tasks.o
 .bss.xDelayedTaskList2
                0x0000000020000d54       0x14 ./Middlewares/Third_Party/FreeRTOS/Source/tasks.o
 .bss.pxDelayedTaskList
                0x0000000020000d68        0x4 ./Middlewares/Third_Party/FreeRTOS/Source/tasks.o
 .bss.pxOverflowDelayedTaskList
                0x0000000020000d6c        0x4 ./Middlewares/Third_Party/FreeRTOS/Source/tasks.o
 .bss.xPendingReadyList
                0x0000000020000d70       0x14 ./Middlewares/Third_Party/FreeRTOS/Source/tasks.o
 .bss.xTasksWaitingTermination
                0x0000000020000d84       0x14 ./Middlewares/Third_Party/FreeRTOS/Source/tasks.o
 .bss.uxDeletedTasksWaitingCleanUp
                0x0000000020000d98        0x4 ./Middlewares/Third_Party/FreeRTOS/Source/tasks.o
 .bss.xSuspendedTaskList
                0x0000000020000d9c       0x14 ./Middlewares/Third_Party/FreeRTOS/Source/tasks.o
 .bss.uxCurrentNumberOfTasks
                0x0000000020000db0        0x4 ./Middlewares/Third_Party/FreeRTOS/Source/tasks.o
 .bss.xTickCount
                0x0000000020000db4        0x4 ./Middlewares/Third_Party/FreeRTOS/Source/tasks.o
 .bss.uxTopReadyPriority
                0x0000000020000db8        0x4 ./Middlewares/Third_Party/FreeRTOS/Source/tasks.o
 .bss.xSchedulerRunning
                0x0000000020000dbc        0x4 ./Middlewares/Third_Party/FreeRTOS/Source/tasks.o
 .bss.xPendedTicks
                0x0000000020000dc0        0x4 ./Middlewares/Third_Party/FreeRTOS/Source/tasks.o
 .bss.xYieldPending
                0x0000000020000dc4        0x4 ./Middlewares/Third_Party/FreeRTOS/Source/tasks.o
 .bss.xNumOfOverflows
                0x0000000020000dc8        0x4 ./Middlewares/Third_Party/FreeRTOS/Source/tasks.o
 .bss.uxTaskNumber
                0x0000000020000dcc        0x4 ./Middlewares/Third_Party/FreeRTOS/Source/tasks.o
 .bss.xNextTaskUnblockTime
                0x0000000020000dd0        0x4 ./Middlewares/Third_Party/FreeRTOS/Source/tasks.o
 .bss.xIdleTaskHandle
                0x0000000020000dd4        0x4 ./Middlewares/Third_Party/FreeRTOS/Source/tasks.o
 .bss.uxSchedulerSuspended
                0x0000000020000dd8        0x4 ./Middlewares/Third_Party/FreeRTOS/Source/tasks.o
 .bss.ucMaxSysCallPriority
                0x0000000020000ddc        0x1 ./Middlewares/Third_Party/FreeRTOS/Source/portable/GCC/ARM_CM4F/port.o
 *fill*         0x0000000020000ddd        0x3 
 .bss.ulMaxPRIGROUPValue
                0x0000000020000de0        0x4 ./Middlewares/Third_Party/FreeRTOS/Source/portable/GCC/ARM_CM4F/port.o
 .bss.minitels  0x0000000020000de4       0x14 ./src/app/minitels.o
 .bss._fatal    0x0000000020000df8        0x4 ./src/utils/misc.o
 *(COMMON)
                0x0000000020000dfc                . = ALIGN (0x4)
                0x0000000020000dfc                _ebss = .
                0x0000000020000dfc                __bss_end__ = _ebss

._user_heap_stack
                0x0000000020000dfc      0x604 load address 0x0000000008006ad0
                0x0000000020000e00                . = ALIGN (0x8)
 *fill*         0x0000000020000dfc        0x4 
                [!provide]                        PROVIDE (end = .)
                0x0000000020000e00                PROVIDE (_end = .)
                0x0000000020001000                . = (. + _Min_Heap_Size)
 *fill*         0x0000000020000e00      0x200 
                0x0000000020001400                . = (. + _Min_Stack_Size)
 *fill*         0x0000000020001000      0x400 
                0x0000000020001400                . = ALIGN (0x8)

/DISCARD/
 libc.a(*)
 libm.a(*)
 libgcc.a(*)

.ARM.attributes
                0x0000000000000000       0x30
 *(.ARM.attributes)
 .ARM.attributes
                0x0000000000000000       0x1e /Applications/STM32CubeIDE.app/Contents/Eclipse/plugins/com.st.stm32cube.ide.mcu.externaltools.gnu-tools-for-stm32.11.3.rel1.macos64_1.1.0.202305231506/tools/bin/../lib/gcc/arm-none-eabi/11.3.1/thumb/v7e-m+fp/hard/crti.o
 .ARM.attributes
                0x000000000000001e       0x34 /Applications/STM32CubeIDE.app/Contents/Eclipse/plugins/com.st.stm32cube.ide.mcu.externaltools.gnu-tools-for-stm32.11.3.rel1.macos64_1.1.0.202305231506/tools/bin/../lib/gcc/arm-none-eabi/11.3.1/thumb/v7e-m+fp/hard/crtbegin.o
 .ARM.attributes
                0x0000000000000052       0x34 ./Core/Src/app_freertos.o
 .ARM.attributes
                0x0000000000000086       0x34 ./Core/Src/main.o
 .ARM.attributes
                0x00000000000000ba       0x34 ./Core/Src/stm32g4xx_hal_msp.o
 .ARM.attributes
                0x00000000000000ee       0x34 ./Core/Src/stm32g4xx_hal_timebase_tim.o
 .ARM.attributes
                0x0000000000000122       0x34 ./Core/Src/stm32g4xx_it.o
 .ARM.attributes
                0x0000000000000156       0x34 ./Core/Src/system_stm32g4xx.o
 .ARM.attributes
                0x000000000000018a       0x21 ./Core/Startup/startup_stm32g491retx.o
 .ARM.attributes
                0x00000000000001ab       0x34 ./Drivers/STM32G4xx_HAL_Driver/Src/stm32g4xx_hal.o
 .ARM.attributes
                0x00000000000001df       0x34 ./Drivers/STM32G4xx_HAL_Driver/Src/stm32g4xx_hal_cortex.o
 .ARM.attributes
                0x0000000000000213       0x34 ./Drivers/STM32G4xx_HAL_Driver/Src/stm32g4xx_hal_dma.o
 .ARM.attributes
                0x0000000000000247       0x34 ./Drivers/STM32G4xx_HAL_Driver/Src/stm32g4xx_hal_gpio.o
 .ARM.attributes
                0x000000000000027b       0x34 ./Drivers/STM32G4xx_HAL_Driver/Src/stm32g4xx_hal_pwr_ex.o
 .ARM.attributes
                0x00000000000002af       0x34 ./Drivers/STM32G4xx_HAL_Driver/Src/stm32g4xx_hal_rcc.o
 .ARM.attributes
                0x00000000000002e3       0x34 ./Drivers/STM32G4xx_HAL_Driver/Src/stm32g4xx_hal_rcc_ex.o
 .ARM.attributes
                0x0000000000000317       0x34 ./Drivers/STM32G4xx_HAL_Driver/Src/stm32g4xx_hal_tim.o
 .ARM.attributes
                0x000000000000034b       0x34 ./Drivers/STM32G4xx_HAL_Driver/Src/stm32g4xx_hal_tim_ex.o
 .ARM.attributes
                0x000000000000037f       0x34 ./Drivers/STM32G4xx_HAL_Driver/Src/stm32g4xx_hal_uart.o
 .ARM.attributes
                0x00000000000003b3       0x34 ./Drivers/STM32G4xx_HAL_Driver/Src/stm32g4xx_hal_uart_ex.o
 .ARM.attributes
                0x00000000000003e7       0x34 ./Middlewares/Third_Party/FreeRTOS/Source/CMSIS_RTOS/cmsis_os.o
 .ARM.attributes
                0x000000000000041b       0x34 ./Middlewares/Third_Party/FreeRTOS/Source/list.o
 .ARM.attributes
                0x000000000000044f       0x34 ./Middlewares/Third_Party/FreeRTOS/Source/tasks.o
 .ARM.attributes
                0x0000000000000483       0x34 ./Middlewares/Third_Party/FreeRTOS/Source/portable/GCC/ARM_CM4F/port.o
 .ARM.attributes
                0x00000000000004b7       0x34 ./src/app/minitels.o
 .ARM.attributes
                0x00000000000004eb       0x34 ./src/app/miniteltask.o
 .ARM.attributes
                0x000000000000051f       0x34 ./src/serial/serial.o
 .ARM.attributes
                0x0000000000000553       0x34 ./src/utils/itm_debug.o
 .ARM.attributes
                0x0000000000000587       0x34 ./src/utils/lf_mqueue.o
 .ARM.attributes
                0x00000000000005bb       0x34 ./src/utils/misc.o
 .ARM.attributes
                0x00000000000005ef       0x34 /Applications/STM32CubeIDE.app/Contents/Eclipse/plugins/com.st.stm32cube.ide.mcu.externaltools.gnu-tools-for-stm32.11.3.rel1.macos64_1.1.0.202305231506/tools/bin/../lib/gcc/arm-none-eabi/11.3.1/../../../../arm-none-eabi/lib/thumb/v7e-m+fp/hard/libc_nano.a(libc_a-itoa.o)
 .ARM.attributes
                0x0000000000000623       0x34 /Applications/STM32CubeIDE.app/Contents/Eclipse/plugins/com.st.stm32cube.ide.mcu.externaltools.gnu-tools-for-stm32.11.3.rel1.macos64_1.1.0.202305231506/tools/bin/../lib/gcc/arm-none-eabi/11.3.1/../../../../arm-none-eabi/lib/thumb/v7e-m+fp/hard/libc_nano.a(libc_a-utoa.o)
 .ARM.attributes
                0x0000000000000657       0x34 /Applications/STM32CubeIDE.app/Contents/Eclipse/plugins/com.st.stm32cube.ide.mcu.externaltools.gnu-tools-for-stm32.11.3.rel1.macos64_1.1.0.202305231506/tools/bin/../lib/gcc/arm-none-eabi/11.3.1/../../../../arm-none-eabi/lib/thumb/v7e-m+fp/hard/libc_nano.a(libc_a-memset.o)
 .ARM.attributes
                0x000000000000068b       0x34 /Applications/STM32CubeIDE.app/Contents/Eclipse/plugins/com.st.stm32cube.ide.mcu.externaltools.gnu-tools-for-stm32.11.3.rel1.macos64_1.1.0.202305231506/tools/bin/../lib/gcc/arm-none-eabi/11.3.1/../../../../arm-none-eabi/lib/thumb/v7e-m+fp/hard/libc_nano.a(libc_a-init.o)
 .ARM.attributes
                0x00000000000006bf       0x34 /Applications/STM32CubeIDE.app/Contents/Eclipse/plugins/com.st.stm32cube.ide.mcu.externaltools.gnu-tools-for-stm32.11.3.rel1.macos64_1.1.0.202305231506/tools/bin/../lib/gcc/arm-none-eabi/11.3.1/../../../../arm-none-eabi/lib/thumb/v7e-m+fp/hard/libc_nano.a(libc_a-memcpy-stub.o)
 .ARM.attributes
                0x00000000000006f3       0x17 /Applications/STM32CubeIDE.app/Contents/Eclipse/plugins/com.st.stm32cube.ide.mcu.externaltools.gnu-tools-for-stm32.11.3.rel1.macos64_1.1.0.202305231506/tools/bin/../lib/gcc/arm-none-eabi/11.3.1/../../../../arm-none-eabi/lib/thumb/v7e-m+fp/hard/libc_nano.a(libc_a-strlen.o)
 .ARM.attributes
                0x000000000000070a       0x1e /Applications/STM32CubeIDE.app/Contents/Eclipse/plugins/com.st.stm32cube.ide.mcu.externaltools.gnu-tools-for-stm32.11.3.rel1.macos64_1.1.0.202305231506/tools/bin/../lib/gcc/arm-none-eabi/11.3.1/thumb/v7e-m+fp/hard/libgcc.a(_aeabi_uldivmod.o)
 .ARM.attributes
                0x0000000000000728       0x34 /Applications/STM32CubeIDE.app/Contents/Eclipse/plugins/com.st.stm32cube.ide.mcu.externaltools.gnu-tools-for-stm32.11.3.rel1.macos64_1.1.0.202305231506/tools/bin/../lib/gcc/arm-none-eabi/11.3.1/thumb/v7e-m+fp/hard/libgcc.a(_udivmoddi4.o)
 .ARM.attributes
                0x000000000000075c       0x1e /Applications/STM32CubeIDE.app/Contents/Eclipse/plugins/com.st.stm32cube.ide.mcu.externaltools.gnu-tools-for-stm32.11.3.rel1.macos64_1.1.0.202305231506/tools/bin/../lib/gcc/arm-none-eabi/11.3.1/thumb/v7e-m+fp/hard/libgcc.a(_dvmd_tls.o)
 .ARM.attributes
                0x000000000000077a       0x1e /Applications/STM32CubeIDE.app/Contents/Eclipse/plugins/com.st.stm32cube.ide.mcu.externaltools.gnu-tools-for-stm32.11.3.rel1.macos64_1.1.0.202305231506/tools/bin/../lib/gcc/arm-none-eabi/11.3.1/thumb/v7e-m+fp/hard/crtn.o
OUTPUT(stm32minitel.elf elf32-littlearm)
LOAD linker stubs
LOAD /Applications/STM32CubeIDE.app/Contents/Eclipse/plugins/com.st.stm32cube.ide.mcu.externaltools.gnu-tools-for-stm32.11.3.rel1.macos64_1.1.0.202305231506/tools/bin/../lib/gcc/arm-none-eabi/11.3.1/../../../../arm-none-eabi/lib/thumb/v7e-m+fp/hard/libc.a
LOAD /Applications/STM32CubeIDE.app/Contents/Eclipse/plugins/com.st.stm32cube.ide.mcu.externaltools.gnu-tools-for-stm32.11.3.rel1.macos64_1.1.0.202305231506/tools/bin/../lib/gcc/arm-none-eabi/11.3.1/../../../../arm-none-eabi/lib/thumb/v7e-m+fp/hard/libm.a
LOAD /Applications/STM32CubeIDE.app/Contents/Eclipse/plugins/com.st.stm32cube.ide.mcu.externaltools.gnu-tools-for-stm32.11.3.rel1.macos64_1.1.0.202305231506/tools/bin/../lib/gcc/arm-none-eabi/11.3.1/thumb/v7e-m+fp/hard/libgcc.a

.comment        0x0000000000000000       0x43
 .comment       0x0000000000000000       0x43 /Applications/STM32CubeIDE.app/Contents/Eclipse/plugins/com.st.stm32cube.ide.mcu.externaltools.gnu-tools-for-stm32.11.3.rel1.macos64_1.1.0.202305231506/tools/bin/../lib/gcc/arm-none-eabi/11.3.1/thumb/v7e-m+fp/hard/crtbegin.o
                                         0x44 (size before relaxing)
 .comment       0x0000000000000043       0x44 ./Core/Src/app_freertos.o
 .comment       0x0000000000000043       0x44 ./Core/Src/main.o
 .comment       0x0000000000000043       0x44 ./Core/Src/stm32g4xx_hal_msp.o
 .comment       0x0000000000000043       0x44 ./Core/Src/stm32g4xx_hal_timebase_tim.o
 .comment       0x0000000000000043       0x44 ./Core/Src/stm32g4xx_it.o
 .comment       0x0000000000000043       0x44 ./Core/Src/system_stm32g4xx.o
 .comment       0x0000000000000043       0x44 ./Drivers/STM32G4xx_HAL_Driver/Src/stm32g4xx_hal.o
 .comment       0x0000000000000043       0x44 ./Drivers/STM32G4xx_HAL_Driver/Src/stm32g4xx_hal_cortex.o
 .comment       0x0000000000000043       0x44 ./Drivers/STM32G4xx_HAL_Driver/Src/stm32g4xx_hal_dma.o
 .comment       0x0000000000000043       0x44 ./Drivers/STM32G4xx_HAL_Driver/Src/stm32g4xx_hal_gpio.o
 .comment       0x0000000000000043       0x44 ./Drivers/STM32G4xx_HAL_Driver/Src/stm32g4xx_hal_pwr_ex.o
 .comment       0x0000000000000043       0x44 ./Drivers/STM32G4xx_HAL_Driver/Src/stm32g4xx_hal_rcc.o
 .comment       0x0000000000000043       0x44 ./Drivers/STM32G4xx_HAL_Driver/Src/stm32g4xx_hal_rcc_ex.o
 .comment       0x0000000000000043       0x44 ./Drivers/STM32G4xx_HAL_Driver/Src/stm32g4xx_hal_tim.o
 .comment       0x0000000000000043       0x44 ./Drivers/STM32G4xx_HAL_Driver/Src/stm32g4xx_hal_tim_ex.o
 .comment       0x0000000000000043       0x44 ./Drivers/STM32G4xx_HAL_Driver/Src/stm32g4xx_hal_uart.o
 .comment       0x0000000000000043       0x44 ./Drivers/STM32G4xx_HAL_Driver/Src/stm32g4xx_hal_uart_ex.o
 .comment       0x0000000000000043       0x44 ./Middlewares/Third_Party/FreeRTOS/Source/CMSIS_RTOS/cmsis_os.o
 .comment       0x0000000000000043       0x44 ./Middlewares/Third_Party/FreeRTOS/Source/list.o
 .comment       0x0000000000000043       0x44 ./Middlewares/Third_Party/FreeRTOS/Source/tasks.o
 .comment       0x0000000000000043       0x44 ./Middlewares/Third_Party/FreeRTOS/Source/portable/GCC/ARM_CM4F/port.o
 .comment       0x0000000000000043       0x44 ./src/app/minitels.o
 .comment       0x0000000000000043       0x44 ./src/app/miniteltask.o
 .comment       0x0000000000000043       0x44 ./src/serial/serial.o
 .comment       0x0000000000000043       0x44 ./src/utils/itm_debug.o
 .comment       0x0000000000000043       0x44 ./src/utils/lf_mqueue.o
 .comment       0x0000000000000043       0x44 ./src/utils/misc.o

.debug_info     0x0000000000000000    0x19eb0
 .debug_info    0x0000000000000000      0x26c ./Core/Src/app_freertos.o
 .debug_info    0x000000000000026c     0x19ec ./Core/Src/main.o
 .debug_info    0x0000000000001c58     0x114a ./Core/Src/stm32g4xx_hal_msp.o
 .debug_info    0x0000000000002da2      0xe0c ./Core/Src/stm32g4xx_hal_timebase_tim.o
 .debug_info    0x0000000000003bae      0xd38 ./Core/Src/stm32g4xx_it.o
 .debug_info    0x00000000000048e6      0x58e ./Core/Src/system_stm32g4xx.o
 .debug_info    0x0000000000004e74       0x23 ./Core/Startup/startup_stm32g491retx.o
 .debug_info    0x0000000000004e97      0xb29 ./Drivers/STM32G4xx_HAL_Driver/Src/stm32g4xx_hal.o
 .debug_info    0x00000000000059c0      0xd41 ./Drivers/STM32G4xx_HAL_Driver/Src/stm32g4xx_hal_cortex.o
 .debug_info    0x0000000000006701      0x85f ./Drivers/STM32G4xx_HAL_Driver/Src/stm32g4xx_hal_dma.o
 .debug_info    0x0000000000006f60      0x763 ./Drivers/STM32G4xx_HAL_Driver/Src/stm32g4xx_hal_gpio.o
 .debug_info    0x00000000000076c3      0x93f ./Drivers/STM32G4xx_HAL_Driver/Src/stm32g4xx_hal_pwr_ex.o
 .debug_info    0x0000000000008002      0xb82 ./Drivers/STM32G4xx_HAL_Driver/Src/stm32g4xx_hal_rcc.o
 .debug_info    0x0000000000008b84      0xc39 ./Drivers/STM32G4xx_HAL_Driver/Src/stm32g4xx_hal_rcc_ex.o
 .debug_info    0x00000000000097bd     0x2c52 ./Drivers/STM32G4xx_HAL_Driver/Src/stm32g4xx_hal_tim.o
 .debug_info    0x000000000000c40f     0x1d95 ./Drivers/STM32G4xx_HAL_Driver/Src/stm32g4xx_hal_tim_ex.o
 .debug_info    0x000000000000e1a4     0x481e ./Drivers/STM32G4xx_HAL_Driver/Src/stm32g4xx_hal_uart.o
 .debug_info    0x00000000000129c2      0xfdd ./Drivers/STM32G4xx_HAL_Driver/Src/stm32g4xx_hal_uart_ex.o
 .debug_info    0x000000000001399f     0x1a44 ./Middlewares/Third_Party/FreeRTOS/Source/CMSIS_RTOS/cmsis_os.o
 .debug_info    0x00000000000153e3      0x2af ./Middlewares/Third_Party/FreeRTOS/Source/list.o
 .debug_info    0x0000000000015692     0x1b82 ./Middlewares/Third_Party/FreeRTOS/Source/tasks.o
 .debug_info    0x0000000000017214      0x4de ./Middlewares/Third_Party/FreeRTOS/Source/portable/GCC/ARM_CM4F/port.o
 .debug_info    0x00000000000176f2      0xc01 ./src/app/minitels.o
 .debug_info    0x00000000000182f3      0x225 ./src/app/miniteltask.o
 .debug_info    0x0000000000018518      0xee8 ./src/serial/serial.o
 .debug_info    0x0000000000019400      0x4fc ./src/utils/itm_debug.o
 .debug_info    0x00000000000198fc      0x3c6 ./src/utils/lf_mqueue.o
 .debug_info    0x0000000000019cc2      0x1ee ./src/utils/misc.o

.debug_abbrev   0x0000000000000000     0x3c58
 .debug_abbrev  0x0000000000000000       0xd2 ./Core/Src/app_freertos.o
 .debug_abbrev  0x00000000000000d2      0x33e ./Core/Src/main.o
 .debug_abbrev  0x0000000000000410      0x23c ./Core/Src/stm32g4xx_hal_msp.o
 .debug_abbrev  0x000000000000064c      0x223 ./Core/Src/stm32g4xx_hal_timebase_tim.o
 .debug_abbrev  0x000000000000086f      0x1d2 ./Core/Src/stm32g4xx_it.o
 .debug_abbrev  0x0000000000000a41      0x11a ./Core/Src/system_stm32g4xx.o
 .debug_abbrev  0x0000000000000b5b       0x12 ./Core/Startup/startup_stm32g491retx.o
 .debug_abbrev  0x0000000000000b6d      0x271 ./Drivers/STM32G4xx_HAL_Driver/Src/stm32g4xx_hal.o
 .debug_abbrev  0x0000000000000dde      0x31c ./Drivers/STM32G4xx_HAL_Driver/Src/stm32g4xx_hal_cortex.o
 .debug_abbrev  0x00000000000010fa      0x1e2 ./Drivers/STM32G4xx_HAL_Driver/Src/stm32g4xx_hal_dma.o
 .debug_abbrev  0x00000000000012dc      0x1cb ./Drivers/STM32G4xx_HAL_Driver/Src/stm32g4xx_hal_gpio.o
 .debug_abbrev  0x00000000000014a7      0x22c ./Drivers/STM32G4xx_HAL_Driver/Src/stm32g4xx_hal_pwr_ex.o
 .debug_abbrev  0x00000000000016d3      0x2c9 ./Drivers/STM32G4xx_HAL_Driver/Src/stm32g4xx_hal_rcc.o
 .debug_abbrev  0x000000000000199c      0x258 ./Drivers/STM32G4xx_HAL_Driver/Src/stm32g4xx_hal_rcc_ex.o
 .debug_abbrev  0x0000000000001bf4      0x2a7 ./Drivers/STM32G4xx_HAL_Driver/Src/stm32g4xx_hal_tim.o
 .debug_abbrev  0x0000000000001e9b      0x2c5 ./Drivers/STM32G4xx_HAL_Driver/Src/stm32g4xx_hal_tim_ex.o
 .debug_abbrev  0x0000000000002160      0x304 ./Drivers/STM32G4xx_HAL_Driver/Src/stm32g4xx_hal_uart.o
 .debug_abbrev  0x0000000000002464      0x2d2 ./Drivers/STM32G4xx_HAL_Driver/Src/stm32g4xx_hal_uart_ex.o
 .debug_abbrev  0x0000000000002736      0x3a2 ./Middlewares/Third_Party/FreeRTOS/Source/CMSIS_RTOS/cmsis_os.o
 .debug_abbrev  0x0000000000002ad8       0xf5 ./Middlewares/Third_Party/FreeRTOS/Source/list.o
 .debug_abbrev  0x0000000000002bcd      0x344 ./Middlewares/Third_Party/FreeRTOS/Source/tasks.o
 .debug_abbrev  0x0000000000002f11      0x25c ./Middlewares/Third_Party/FreeRTOS/Source/portable/GCC/ARM_CM4F/port.o
 .debug_abbrev  0x000000000000316d      0x220 ./src/app/minitels.o
 .debug_abbrev  0x000000000000338d      0x142 ./src/app/miniteltask.o
 .debug_abbrev  0x00000000000034cf      0x2b9 ./src/serial/serial.o
 .debug_abbrev  0x0000000000003788      0x206 ./src/utils/itm_debug.o
 .debug_abbrev  0x000000000000398e      0x18b ./src/utils/lf_mqueue.o
 .debug_abbrev  0x0000000000003b19      0x13f ./src/utils/misc.o

.debug_aranges  0x0000000000000000     0x16c0
 .debug_aranges
                0x0000000000000000       0x20 ./Core/Src/app_freertos.o
 .debug_aranges
                0x0000000000000020       0x78 ./Core/Src/main.o
 .debug_aranges
                0x0000000000000098       0x30 ./Core/Src/stm32g4xx_hal_msp.o
 .debug_aranges
                0x00000000000000c8       0x30 ./Core/Src/stm32g4xx_hal_timebase_tim.o
 .debug_aranges
                0x00000000000000f8       0xa0 ./Core/Src/stm32g4xx_it.o
 .debug_aranges
                0x0000000000000198       0x28 ./Core/Src/system_stm32g4xx.o
 .debug_aranges
                0x00000000000001c0       0x28 ./Core/Startup/startup_stm32g491retx.o
 .debug_aranges
                0x00000000000001e8      0x148 ./Drivers/STM32G4xx_HAL_Driver/Src/stm32g4xx_hal.o
 .debug_aranges
                0x0000000000000330      0x118 ./Drivers/STM32G4xx_HAL_Driver/Src/stm32g4xx_hal_cortex.o
 .debug_aranges
                0x0000000000000448       0x90 ./Drivers/STM32G4xx_HAL_Driver/Src/stm32g4xx_hal_dma.o
 .debug_aranges
                0x00000000000004d8       0x58 ./Drivers/STM32G4xx_HAL_Driver/Src/stm32g4xx_hal_gpio.o
 .debug_aranges
                0x0000000000000530      0x140 ./Drivers/STM32G4xx_HAL_Driver/Src/stm32g4xx_hal_pwr_ex.o
 .debug_aranges
                0x0000000000000670       0x98 ./Drivers/STM32G4xx_HAL_Driver/Src/stm32g4xx_hal_rcc.o
 .debug_aranges
                0x0000000000000708       0xb0 ./Drivers/STM32G4xx_HAL_Driver/Src/stm32g4xx_hal_rcc_ex.o
 .debug_aranges
                0x00000000000007b8      0x3e0 ./Drivers/STM32G4xx_HAL_Driver/Src/stm32g4xx_hal_tim.o
 .debug_aranges
                0x0000000000000b98      0x240 ./Drivers/STM32G4xx_HAL_Driver/Src/stm32g4xx_hal_tim_ex.o
 .debug_aranges
                0x0000000000000dd8      0x248 ./Drivers/STM32G4xx_HAL_Driver/Src/stm32g4xx_hal_uart.o
 .debug_aranges
                0x0000000000001020       0xa8 ./Drivers/STM32G4xx_HAL_Driver/Src/stm32g4xx_hal_uart_ex.o
 .debug_aranges
                0x00000000000010c8      0x1d8 ./Middlewares/Third_Party/FreeRTOS/Source/CMSIS_RTOS/cmsis_os.o
 .debug_aranges
                0x00000000000012a0       0x40 ./Middlewares/Third_Party/FreeRTOS/Source/list.o
 .debug_aranges
                0x00000000000012e0      0x1b0 ./Middlewares/Third_Party/FreeRTOS/Source/tasks.o
 .debug_aranges
                0x0000000000001490       0x80 ./Middlewares/Third_Party/FreeRTOS/Source/portable/GCC/ARM_CM4F/port.o
 .debug_aranges
                0x0000000000001510       0x50 ./src/app/minitels.o
 .debug_aranges
                0x0000000000001560       0x28 ./src/app/miniteltask.o
 .debug_aranges
                0x0000000000001588       0x80 ./src/serial/serial.o
 .debug_aranges
                0x0000000000001608       0x40 ./src/utils/itm_debug.o
 .debug_aranges
                0x0000000000001648       0x50 ./src/utils/lf_mqueue.o
 .debug_aranges
                0x0000000000001698       0x28 ./src/utils/misc.o

.debug_rnglists
                0x0000000000000000     0x1194
 .debug_rnglists
                0x0000000000000000       0x13 ./Core/Src/app_freertos.o
 .debug_rnglists
                0x0000000000000013       0x5d ./Core/Src/main.o
 .debug_rnglists
                0x0000000000000070       0x21 ./Core/Src/stm32g4xx_hal_msp.o
 .debug_rnglists
                0x0000000000000091       0x20 ./Core/Src/stm32g4xx_hal_timebase_tim.o
 .debug_rnglists
                0x00000000000000b1       0x73 ./Core/Src/stm32g4xx_it.o
 .debug_rnglists
                0x0000000000000124       0x1a ./Core/Src/system_stm32g4xx.o
 .debug_rnglists
                0x000000000000013e       0x19 ./Core/Startup/startup_stm32g491retx.o
 .debug_rnglists
                0x0000000000000157       0xf1 ./Drivers/STM32G4xx_HAL_Driver/Src/stm32g4xx_hal.o
 .debug_rnglists
                0x0000000000000248       0xce ./Drivers/STM32G4xx_HAL_Driver/Src/stm32g4xx_hal_cortex.o
 .debug_rnglists
                0x0000000000000316       0x71 ./Drivers/STM32G4xx_HAL_Driver/Src/stm32g4xx_hal_dma.o
 .debug_rnglists
                0x0000000000000387       0x3f ./Drivers/STM32G4xx_HAL_Driver/Src/stm32g4xx_hal_gpio.o
 .debug_rnglists
                0x00000000000003c6       0xf1 ./Drivers/STM32G4xx_HAL_Driver/Src/stm32g4xx_hal_pwr_ex.o
 .debug_rnglists
                0x00000000000004b7       0x74 ./Drivers/STM32G4xx_HAL_Driver/Src/stm32g4xx_hal_rcc.o
 .debug_rnglists
                0x000000000000052b       0x87 ./Drivers/STM32G4xx_HAL_Driver/Src/stm32g4xx_hal_rcc_ex.o
 .debug_rnglists
                0x00000000000005b2      0x328 ./Drivers/STM32G4xx_HAL_Driver/Src/stm32g4xx_hal_tim.o
 .debug_rnglists
                0x00000000000008da      0x1cc ./Drivers/STM32G4xx_HAL_Driver/Src/stm32g4xx_hal_tim_ex.o
 .debug_rnglists
                0x0000000000000aa6      0x1fa ./Drivers/STM32G4xx_HAL_Driver/Src/stm32g4xx_hal_uart.o
 .debug_rnglists
                0x0000000000000ca0       0x7f ./Drivers/STM32G4xx_HAL_Driver/Src/stm32g4xx_hal_uart_ex.o
 .debug_rnglists
                0x0000000000000d1f      0x167 ./Middlewares/Third_Party/FreeRTOS/Source/CMSIS_RTOS/cmsis_os.o
 .debug_rnglists
                0x0000000000000e86       0x2b ./Middlewares/Third_Party/FreeRTOS/Source/list.o
 .debug_rnglists
                0x0000000000000eb1      0x158 ./Middlewares/Third_Party/FreeRTOS/Source/tasks.o
 .debug_rnglists
                0x0000000000001009       0x5d ./Middlewares/Third_Party/FreeRTOS/Source/portable/GCC/ARM_CM4F/port.o
 .debug_rnglists
                0x0000000000001066       0x37 ./src/app/minitels.o
 .debug_rnglists
                0x000000000000109d       0x1a ./src/app/miniteltask.o
 .debug_rnglists
                0x00000000000010b7       0x5f ./src/serial/serial.o
 .debug_rnglists
                0x0000000000001116       0x2c ./src/utils/itm_debug.o
 .debug_rnglists
                0x0000000000001142       0x39 ./src/utils/lf_mqueue.o
 .debug_rnglists
                0x000000000000117b       0x19 ./src/utils/misc.o

.debug_macro    0x0000000000000000    0x214fc
 .debug_macro   0x0000000000000000      0x245 ./Core/Src/app_freertos.o
 .debug_macro   0x0000000000000245      0xaa8 ./Core/Src/app_freertos.o
 .debug_macro   0x0000000000000ced      0x174 ./Core/Src/app_freertos.o
 .debug_macro   0x0000000000000e61       0x22 ./Core/Src/app_freertos.o
 .debug_macro   0x0000000000000e83       0x8e ./Core/Src/app_freertos.o
 .debug_macro   0x0000000000000f11       0x51 ./Core/Src/app_freertos.o
 .debug_macro   0x0000000000000f62      0x103 ./Core/Src/app_freertos.o
 .debug_macro   0x0000000000001065       0x6a ./Core/Src/app_freertos.o
 .debug_macro   0x00000000000010cf      0x1df ./Core/Src/app_freertos.o
 .debug_macro   0x00000000000012ae       0xe3 ./Core/Src/app_freertos.o
 .debug_macro   0x0000000000001391      0x15a ./Core/Src/app_freertos.o
 .debug_macro   0x00000000000014eb       0xde ./Core/Src/app_freertos.o
 .debug_macro   0x00000000000015c9       0x1c ./Core/Src/app_freertos.o
 .debug_macro   0x00000000000015e5       0x26 ./Core/Src/app_freertos.o
 .debug_macro   0x000000000000160b      0x504 ./Core/Src/app_freertos.o
 .debug_macro   0x0000000000001b0f       0xb5 ./Core/Src/app_freertos.o
 .debug_macro   0x0000000000001bc4       0xaa ./Core/Src/app_freertos.o
 .debug_macro   0x0000000000001c6e      0x15b ./Core/Src/app_freertos.o
 .debug_macro   0x0000000000001dc9       0x2e ./Core/Src/app_freertos.o
 .debug_macro   0x0000000000001df7       0x28 ./Core/Src/app_freertos.o
 .debug_macro   0x0000000000001e1f       0x1c ./Core/Src/app_freertos.o
 .debug_macro   0x0000000000001e3b       0x22 ./Core/Src/app_freertos.o
 .debug_macro   0x0000000000001e5d       0xfb ./Core/Src/app_freertos.o
 .debug_macro   0x0000000000001f58     0x1011 ./Core/Src/app_freertos.o
 .debug_macro   0x0000000000002f69      0x11f ./Core/Src/app_freertos.o
 .debug_macro   0x0000000000003088    0x11e40 ./Core/Src/app_freertos.o
 .debug_macro   0x0000000000014ec8       0x6d ./Core/Src/app_freertos.o
 .debug_macro   0x0000000000014f35     0x354d ./Core/Src/app_freertos.o
 .debug_macro   0x0000000000018482       0x5c ./Core/Src/app_freertos.o
 .debug_macro   0x00000000000184de     0x1535 ./Core/Src/app_freertos.o
 .debug_macro   0x0000000000019a13      0x5cf ./Core/Src/app_freertos.o
 .debug_macro   0x0000000000019fe2      0x1b6 ./Core/Src/app_freertos.o
 .debug_macro   0x000000000001a198      0x2d0 ./Core/Src/app_freertos.o
 .debug_macro   0x000000000001a468      0x4a2 ./Core/Src/app_freertos.o
 .debug_macro   0x000000000001a90a      0x18b ./Core/Src/app_freertos.o
 .debug_macro   0x000000000001aa95       0x43 ./Core/Src/app_freertos.o
 .debug_macro   0x000000000001aad8      0x23d ./Core/Src/app_freertos.o
 .debug_macro   0x000000000001ad15      0x211 ./Core/Src/app_freertos.o
 .debug_macro   0x000000000001af26      0x416 ./Core/Src/app_freertos.o
 .debug_macro   0x000000000001b33c      0x10e ./Core/Src/app_freertos.o
 .debug_macro   0x000000000001b44a      0x122 ./Core/Src/app_freertos.o
 .debug_macro   0x000000000001b56c      0x3d1 ./Core/Src/app_freertos.o
 .debug_macro   0x000000000001b93d      0xbe8 ./Core/Src/app_freertos.o
 .debug_macro   0x000000000001c525      0x4ee ./Core/Src/app_freertos.o
 .debug_macro   0x000000000001ca13      0x693 ./Core/Src/app_freertos.o
 .debug_macro   0x000000000001d0a6       0xa6 ./Core/Src/app_freertos.o
 .debug_macro   0x000000000001d14c      0x321 ./Core/Src/app_freertos.o
 .debug_macro   0x000000000001d46d       0x5e ./Core/Src/app_freertos.o
 .debug_macro   0x000000000001d4cb      0x290 ./Core/Src/main.o
 .debug_macro   0x000000000001d75b       0xe3 ./Core/Src/main.o
 .debug_macro   0x000000000001d83e       0x91 ./Core/Src/main.o
 .debug_macro   0x000000000001d8cf       0x86 ./Core/Src/main.o
 .debug_macro   0x000000000001d955       0x63 ./Core/Src/main.o
 .debug_macro   0x000000000001d9b8       0x19 ./Core/Src/main.o
 .debug_macro   0x000000000001d9d1       0xf2 ./Core/Src/main.o
 .debug_macro   0x000000000001dac3      0x1dd ./Core/Src/stm32g4xx_hal_msp.o
 .debug_macro   0x000000000001dca0      0x1ce ./Core/Src/stm32g4xx_hal_timebase_tim.o
 .debug_macro   0x000000000001de6e      0x1e7 ./Core/Src/stm32g4xx_it.o
 .debug_macro   0x000000000001e055      0x1ce ./Core/Src/system_stm32g4xx.o
 .debug_macro   0x000000000001e223      0x21c ./Drivers/STM32G4xx_HAL_Driver/Src/stm32g4xx_hal.o
 .debug_macro   0x000000000001e43f      0x1ce ./Drivers/STM32G4xx_HAL_Driver/Src/stm32g4xx_hal_cortex.o
 .debug_macro   0x000000000001e60d      0x1ce ./Drivers/STM32G4xx_HAL_Driver/Src/stm32g4xx_hal_dma.o
 .debug_macro   0x000000000001e7db      0x1d5 ./Drivers/STM32G4xx_HAL_Driver/Src/stm32g4xx_hal_gpio.o
 .debug_macro   0x000000000001e9b0      0x1f8 ./Drivers/STM32G4xx_HAL_Driver/Src/stm32g4xx_hal_pwr_ex.o
 .debug_macro   0x000000000001eba8      0x210 ./Drivers/STM32G4xx_HAL_Driver/Src/stm32g4xx_hal_rcc.o
 .debug_macro   0x000000000001edb8      0x1f8 ./Drivers/STM32G4xx_HAL_Driver/Src/stm32g4xx_hal_rcc_ex.o
 .debug_macro   0x000000000001efb0      0x1d6 ./Drivers/STM32G4xx_HAL_Driver/Src/stm32g4xx_hal_tim.o
 .debug_macro   0x000000000001f186      0x1d4 ./Drivers/STM32G4xx_HAL_Driver/Src/stm32g4xx_hal_tim_ex.o
 .debug_macro   0x000000000001f35a      0x1f9 ./Drivers/STM32G4xx_HAL_Driver/Src/stm32g4xx_hal_uart.o
 .debug_macro   0x000000000001f553      0x1da ./Drivers/STM32G4xx_HAL_Driver/Src/stm32g4xx_hal_uart_ex.o
 .debug_macro   0x000000000001f72d      0x1fe ./Middlewares/Third_Party/FreeRTOS/Source/CMSIS_RTOS/cmsis_os.o
 .debug_macro   0x000000000001f92b       0x10 ./Middlewares/Third_Party/FreeRTOS/Source/CMSIS_RTOS/cmsis_os.o
 .debug_macro   0x000000000001f93b       0x20 ./Middlewares/Third_Party/FreeRTOS/Source/CMSIS_RTOS/cmsis_os.o
 .debug_macro   0x000000000001f95b       0xe9 ./Middlewares/Third_Party/FreeRTOS/Source/CMSIS_RTOS/cmsis_os.o
 .debug_macro   0x000000000001fa44      0x187 ./Middlewares/Third_Party/FreeRTOS/Source/list.o
 .debug_macro   0x000000000001fbcb      0x279 ./Middlewares/Third_Party/FreeRTOS/Source/tasks.o
 .debug_macro   0x000000000001fe44       0x10 ./Middlewares/Third_Party/FreeRTOS/Source/tasks.o
 .debug_macro   0x000000000001fe54      0x196 ./Middlewares/Third_Party/FreeRTOS/Source/portable/GCC/ARM_CM4F/port.o
 .debug_macro   0x000000000001ffea      0x3a6 ./src/app/minitels.o
 .debug_macro   0x0000000000020390       0x56 ./src/app/minitels.o
 .debug_macro   0x00000000000203e6       0x3a ./src/app/minitels.o
 .debug_macro   0x0000000000020420       0x22 ./src/app/minitels.o
 .debug_macro   0x0000000000020442       0x22 ./src/app/minitels.o
 .debug_macro   0x0000000000020464       0x2e ./src/app/minitels.o
 .debug_macro   0x0000000000020492      0x2de ./src/app/miniteltask.o
 .debug_macro   0x0000000000020770      0x394 ./src/serial/serial.o
 .debug_macro   0x0000000000020b04      0x3be ./src/utils/itm_debug.o
 .debug_macro   0x0000000000020ec2      0x38f ./src/utils/lf_mqueue.o
 .debug_macro   0x0000000000021251      0x2ab ./src/utils/misc.o

.debug_line     0x0000000000000000    0x1b766
 .debug_line    0x0000000000000000      0x7f9 ./Core/Src/app_freertos.o
 .debug_line    0x00000000000007f9      0xb47 ./Core/Src/main.o
 .debug_line    0x0000000000001340      0x91e ./Core/Src/stm32g4xx_hal_msp.o
 .debug_line    0x0000000000001c5e      0x761 ./Core/Src/stm32g4xx_hal_timebase_tim.o
 .debug_line    0x00000000000023bf      0x883 ./Core/Src/stm32g4xx_it.o
 .debug_line    0x0000000000002c42      0x760 ./Core/Src/system_stm32g4xx.o
 .debug_line    0x00000000000033a2       0x7b ./Core/Startup/startup_stm32g491retx.o
 .debug_line    0x000000000000341d      0xb1f ./Drivers/STM32G4xx_HAL_Driver/Src/stm32g4xx_hal.o
 .debug_line    0x0000000000003f3c      0xc8a ./Drivers/STM32G4xx_HAL_Driver/Src/stm32g4xx_hal_cortex.o
 .debug_line    0x0000000000004bc6      0xe43 ./Drivers/STM32G4xx_HAL_Driver/Src/stm32g4xx_hal_dma.o
 .debug_line    0x0000000000005a09      0xb1a ./Drivers/STM32G4xx_HAL_Driver/Src/stm32g4xx_hal_gpio.o
 .debug_line    0x0000000000006523      0xc8e ./Drivers/STM32G4xx_HAL_Driver/Src/stm32g4xx_hal_pwr_ex.o
 .debug_line    0x00000000000071b1      0xee7 ./Drivers/STM32G4xx_HAL_Driver/Src/stm32g4xx_hal_rcc.o
 .debug_line    0x0000000000008098     0x11ba ./Drivers/STM32G4xx_HAL_Driver/Src/stm32g4xx_hal_rcc_ex.o
 .debug_line    0x0000000000009252     0x3f71 ./Drivers/STM32G4xx_HAL_Driver/Src/stm32g4xx_hal_tim.o
 .debug_line    0x000000000000d1c3     0x20b0 ./Drivers/STM32G4xx_HAL_Driver/Src/stm32g4xx_hal_tim_ex.o
 .debug_line    0x000000000000f273     0x3b67 ./Drivers/STM32G4xx_HAL_Driver/Src/stm32g4xx_hal_uart.o
 .debug_line    0x0000000000012dda      0xd42 ./Drivers/STM32G4xx_HAL_Driver/Src/stm32g4xx_hal_uart_ex.o
 .debug_line    0x0000000000013b1c     0x10a8 ./Middlewares/Third_Party/FreeRTOS/Source/CMSIS_RTOS/cmsis_os.o
 .debug_line    0x0000000000014bc4      0x725 ./Middlewares/Third_Party/FreeRTOS/Source/list.o
 .debug_line    0x00000000000152e9     0x18b5 ./Middlewares/Third_Party/FreeRTOS/Source/tasks.o
 .debug_line    0x0000000000016b9e      0x7bd ./Middlewares/Third_Party/FreeRTOS/Source/portable/GCC/ARM_CM4F/port.o
 .debug_line    0x000000000001735b      0xc0c ./src/app/minitels.o
 .debug_line    0x0000000000017f67      0xa21 ./src/app/miniteltask.o
 .debug_line    0x0000000000018988      0xcfe ./src/serial/serial.o
 .debug_line    0x0000000000019686      0xc34 ./src/utils/itm_debug.o
 .debug_line    0x000000000001a2ba      0xbde ./src/utils/lf_mqueue.o
 .debug_line    0x000000000001ae98      0x8ce ./src/utils/misc.o

.debug_str      0x0000000000000000    0xd5b77
 .debug_str     0x0000000000000000    0xc826b ./Core/Src/app_freertos.o
                                      0xc8543 (size before relaxing)
 .debug_str     0x00000000000c826b     0x339e ./Core/Src/main.o
                                      0xcb973 (size before relaxing)
 .debug_str     0x00000000000cb609      0x283 ./Core/Src/stm32g4xx_hal_msp.o
                                      0xc55ba (size before relaxing)
 .debug_str     0x00000000000cb88c       0xf7 ./Core/Src/stm32g4xx_hal_timebase_tim.o
                                      0xc52fe (size before relaxing)
 .debug_str     0x00000000000cb983      0x1b7 ./Core/Src/stm32g4xx_it.o
                                      0xc50f5 (size before relaxing)
 .debug_str     0x00000000000cbb3a       0xdb ./Core/Src/system_stm32g4xx.o
                                      0xc4701 (size before relaxing)
 .debug_str     0x00000000000cbc15       0x34 ./Core/Startup/startup_stm32g491retx.o
                                         0x73 (size before relaxing)
 .debug_str     0x00000000000cbc49      0x5a9 ./Drivers/STM32G4xx_HAL_Driver/Src/stm32g4xx_hal.o
                                      0xc530c (size before relaxing)
 .debug_str     0x00000000000cc1f2      0x314 ./Drivers/STM32G4xx_HAL_Driver/Src/stm32g4xx_hal_cortex.o
                                      0xc4f90 (size before relaxing)
 .debug_str     0x00000000000cc506      0x29f ./Drivers/STM32G4xx_HAL_Driver/Src/stm32g4xx_hal_dma.o
                                      0xc4adb (size before relaxing)
 .debug_str     0x00000000000cc7a5      0x10a ./Drivers/STM32G4xx_HAL_Driver/Src/stm32g4xx_hal_gpio.o
                                      0xc488c (size before relaxing)
 .debug_str     0x00000000000cc8af      0x4a5 ./Drivers/STM32G4xx_HAL_Driver/Src/stm32g4xx_hal_pwr_ex.o
                                      0xc4bef (size before relaxing)
 .debug_str     0x00000000000ccd54      0x4aa ./Drivers/STM32G4xx_HAL_Driver/Src/stm32g4xx_hal_rcc.o
                                      0xc4dfa (size before relaxing)
 .debug_str     0x00000000000cd1fe      0x40b ./Drivers/STM32G4xx_HAL_Driver/Src/stm32g4xx_hal_rcc_ex.o
                                      0xc4e37 (size before relaxing)
 .debug_str     0x00000000000cd609      0xf64 ./Drivers/STM32G4xx_HAL_Driver/Src/stm32g4xx_hal_tim.o
                                      0xc5bff (size before relaxing)
 .debug_str     0x00000000000ce56d      0x995 ./Drivers/STM32G4xx_HAL_Driver/Src/stm32g4xx_hal_tim_ex.o
                                      0xc5873 (size before relaxing)
 .debug_str     0x00000000000cef02      0x9ad ./Drivers/STM32G4xx_HAL_Driver/Src/stm32g4xx_hal_uart.o
                                      0xc56bc (size before relaxing)
 .debug_str     0x00000000000cf8af      0x264 ./Drivers/STM32G4xx_HAL_Driver/Src/stm32g4xx_hal_uart_ex.o
                                      0xc4eba (size before relaxing)
 .debug_str     0x00000000000cfb13     0x3b6f ./Middlewares/Third_Party/FreeRTOS/Source/CMSIS_RTOS/cmsis_os.o
                                       0xe4fd (size before relaxing)
 .debug_str     0x00000000000d3682      0x20f ./Middlewares/Third_Party/FreeRTOS/Source/list.o
                                       0xaa6d (size before relaxing)