/Users/danielbraun/devel/minitel/emuminitel/src/serial/../utils/itm_debug.h:60:20:itm_debug1	32	static
/Users/danielbraun/devel/minitel/emuminitel/src/serial/../utils/itm_debug.h:64:20:itm_debug2	32	static
/Users/danielbraun/devel/minitel/emuminitel/src/serial/../utils/itm_debug.h:68:20:itm_debug3	32	static
/Users/danielbraun/devel/minitel/emuminitel/src/serial/serial.c:55:5:serial_start_rx	24	static
/Users/danielbraun/devel/minitel/emuminitel/src/serial/serial.c:68:6:serial_send_bytes	48	static
/Users/danielbraun/devel/minitel/emuminitel/src/serial/serial.c:98:6:serial_tx_onprogress	24	static
/Users/danielbraun/devel/minitel/emuminitel/src/serial/serial.c:105:6:HAL_UART_TxCpltCallback	40	static,ignoring_inline_asm
/Users/danielbraun/devel/minitel/emuminitel/src/serial/serial.c:132:13:bh	4	static
/Users/danielbraun/devel/minitel/emuminitel/src/serial/serial.c:137:6:HAL_UARTEx_RxFifoFullCallback	16	static
/Users/danielbraun/devel/minitel/emuminitel/src/serial/serial.c:142:6:HAL_UART_RxHalfCpltCallback	16	static
/Users/danielbraun/devel/minitel/emuminitel/src/serial/serial.c:147:6:HAL_UART_RxCpltCallback	40	static,ignoring_inline_asm
/Users/danielbraun/devel/minitel/emuminitel/src/serial/serial.c:177:6:HAL_UARTEx_RxEventCallback	16	static
/Users/danielbraun/devel/minitel/emuminitel/src/serial/serial.c:182:6:HAL_UART_ErrorCallback	16	static
